Microchip MPLAB XC8 Compiler V2.32

Linker command line:

-W-3 --edf=C:\Program Files\Microchip\xc8\v2.32\pic\dat\en_msgs.txt \
  -pivt0x8=08h -cn \
  -h+dist/default/production\HIGROMETRO_IOT.X.production.sym \
  --cmf=dist/default/production\HIGROMETRO_IOT.X.production.cmf -z \
  -Q18F57Q43 -oC:\Users\sadel\AppData\Local\Temp\xcAscn4.4 \
  --defsym=__MPLAB_BUILD=1 \
  -Mdist/default/production/HIGROMETRO_IOT.X.production.map -E1 \
  -ver=XC8 Compiler --acfsm=1493 -ASTACK=0667h-025FFh -pstack=STACK \
  -ACODE=00h-01FFFFh -ACONST=00h-01FFFFh -ASMALLCONST=02600h-026FFhx474 \
  -AMEDIUMCONST=02600h-0FFFFh,012600h-01FFFFh -ACOMRAM=0501h-055Fh \
  -AABS1=0500h-025FFh -ABIGRAM=0501h-025FFh \
  -ARAM=0560h-05FFh,0600h-06FFhx32 -ABANK5=0560h-05FFh -ABANK6=0600h-06FFh \
  -ABANK7=0700h-07FFh -ABANK8=0800h-08FFh -ABANK9=0900h-09FFh \
  -ABANK10=0A00h-0AFFh -ABANK11=0B00h-0BFFh -ABANK12=0C00h-0CFFh \
  -ABANK13=0D00h-0DFFh -ABANK14=0E00h-0EFFh -ABANK15=0F00h-0FFFh \
  -ABANK16=01000h-010FFh -ABANK17=01100h-011FFh -ABANK18=01200h-012FFh \
  -ABANK19=01300h-013FFh -ABANK20=01400h-014FFh -ABANK21=01500h-015FFh \
  -ABANK22=01600h-016FFh -ABANK23=01700h-017FFh -ABANK24=01800h-018FFh \
  -ABANK25=01900h-019FFh -ABANK26=01A00h-01AFFh -ABANK27=01B00h-01BFFh \
  -ABANK28=01C00h-01CFFh -ABANK29=01D00h-01DFFh -ABANK30=01E00h-01EFFh \
  -ABANK31=01F00h-01FFFh -ABANK32=02000h-020FFh -ABANK33=02100h-021FFh \
  -ABANK34=02200h-022FFh -ABANK35=02300h-023FFh -ABANK36=02400h-024FFh \
  -ABANK37=02500h-025FFh -ASFR=00h-0FFhx4,0400h-045Fh,0460h-04FFh \
  -ACONFIG=0300000h-0300011h -AIDLOC=0200000h-020001Fh \
  -AEEDATA=0380000h-03803FFh -peeprom_data=EEDATA -preset_vec=00h \
  -ppowerup=CODE,init -pramtop=02600h -psmallconst=SMALLCONST \
  -pmediumconst=MEDIUMCONST -pconst=CONST -AFARRAM=00h-00h \
  -prdata=COMRAM,nvrram=COMRAM,nvbit=COMRAM,rbss=COMRAM,rbit=COMRAM \
  -pfarbss=FARRAM,fardata=FARRAM,nvFARRAM=FARRAM \
  -pintsave_regs=BIGRAM,bigbss=BIGRAM,bigdata=BIGRAM -pbss=RAM \
  -pidata=CODE,irdata=CODE,ibigdata=CODE,ifardata=CODE -prparam=COMRAM \
  C:\Users\sadel\AppData\Local\Temp\xcAscn4.o \
  dist/default/production\HIGROMETRO_IOT.X.production.o 

Object code version is 3.11

Machine type is 18F57Q43



                Name                               Link     Load   Length Selector   Space Scale
C:\Users\sadel\AppData\Local\Temp\xcAscn4.o
                idloc                            200000   200000       20        0       5
                config                           300000   300000        A        0       4
                init                                 1A       1A        4        4       0
                reset_vec                             0        0        4        0       0
dist/default/production\HIGROMETRO_IOT.X.production.o
                idloc                            200000   200000       20        0       5
                config                           300000   300000        A        0       4
                smallconst                         2600     2600       64     1300       0
                ivt0x8                                8        8       12        4       0
                text65                             67AA     67AA       32     1332       0
                text64                             51D4     51D4      1B4     1332       0
                text63                             6806     6806       2A     1332       0
                text62                             673C     673C       38     1332       0
                text61                             64B4     64B4       52     1332       0
                text60                             501C     501C      1B8     1332       0
                text59                             5D64     5D64       C4     1332       0
                text58                             5EE0     5EE0       B0     1332       0
                text57                             458E     458E      39A     1332       0
                text56                             5F90     5F90       AA     1332       0
                text55                             5618     5618      104     1332       0
                text54                             4140     4140      44E     1332       0
                text53                             6704     6704       38     1332       0
                text52                             3C80     3C80      4C0     1332       0
                text51                             6552     6552       46     1332       0
                text50                             5512     5512      106     1332       0
                text49                             571C     571C       FE     1332       0
                text48                             4C06     4C06      212     1332       0
                text47                             68F4     68F4       18     1332       0
                text46                             696E     696E        A     1332       0
                text45                             5AF6     5AF6       D8     1332       0
                text44                             6598     6598       44     1332       0
                text43                             665A     665A       3A     1332       0
                text42                             5C9E     5C9E       C6     1332       0
                text41                             6290     6290       66     1332       0
                text40                             66CC     66CC       38     1332       0
                text39                             62F6     62F6       60     1332       0
                text38                             2664     2664      C5C     1332       0
                text37                             5388     5388      18A     1332       0
                text36                             581A     581A       FA     1332       0
                text35                             5A06     5A06       F0     1332       0
                text34                             5BCE     5BCE       D0     1332       0
                text33                             4E18     4E18      204     1332       0
                text32                             661E     661E       3C     1332       0
                text31                             6694     6694       38     1332       0
                text30                             6356     6356       5E     1332       0
                text29                             4928     4928      2DE     1332       0
                text28                             32C0     32C0      9C0     1332       0
                text27                             6226     6226       6A     1332       0
                text26                             6830     6830       28     1332       0
                text25                             68DC     68DC       18     1332       0
                text24                             67DC     67DC       2A     1332       0
                text23                             60BC     60BC       7E     1332       0
                text22                             603A     603A       82     1332       0
                text21                             6462     6462       52     1332       0
                text20                             5914     5914       F2     1332       0
                text19                             6984     6984        2     34C0       0
                text18                             65DC     65DC       42     1332       0
                text17                             6410     6410       52     1332       0
                text16                             63B4     63B4       5C     1332       0
                text15                             6980     6980        4     34C0       0
                text14                             68C0     68C0       1C     1332       0
                text13                             5E28     5E28       B8     1332       0
                text12                             6858     6858       24     1332       0
                text11                             6960     6960        E     1332       0
                text10                             6774     6774       36     1332       0
                text9                              6952     6952        E     1332       0
                text8                              6944     6944        E     1332       0
                text7                              6936     6936        E     1332       0
                text6                              613A     613A       7C     1332       0
                text5                              6928     6928        E     1332       0
                text4                              691A     691A        E     1332       0
                text3                              690C     690C        E     1332       0
                text2                              61B6     61B6       70     1332       0
                text1                              689E     689E       22     1332       0
                text0                              687C     687C       22     1332       0
                cstackCOMRAM                        501      501       5F      501       1
                cstackBANK5                         560      560       6C      560       1
                cstackBANK6                         664      664        3      600       1
                bssBANK6                            600      600       52      600       1
                dataBANK5                           5DC      5DC        7      560       1
                bssBANK5                            5CC      5CC       10      560       1
                cinit                              6506     6506       4C     1332       0
                nvBANK6                             652      652       12      600       1
                nvBANK5                             5E3      5E3        5      560       1
                idataBANK5                         6978     6978        7     1332       0

TOTAL           Name                               Link     Load   Length     Space
        CLASS   STACK          

        CLASS   CODE           
                init                                 1A       1A        4         0
                reset_vec                             0        0        4         0
                ivt0x8                                8        8       12         0
                text65                             67AA     67AA       32         0
                text64                             51D4     51D4      1B4         0
                text63                             6806     6806       2A         0
                text62                             673C     673C       38         0
                text61                             64B4     64B4       52         0
                text60                             501C     501C      1B8         0
                text59                             5D64     5D64       C4         0
                text58                             5EE0     5EE0       B0         0
                text57                             458E     458E      39A         0
                text56                             5F90     5F90       AA         0
                text55                             5618     5618      104         0
                text54                             4140     4140      44E         0
                text53                             6704     6704       38         0
                text52                             3C80     3C80      4C0         0
                text51                             6552     6552       46         0
                text50                             5512     5512      106         0
                text49                             571C     571C       FE         0
                text48                             4C06     4C06      212         0
                text47                             68F4     68F4       18         0
                text46                             696E     696E        A         0
                text45                             5AF6     5AF6       D8         0
                text44                             6598     6598       44         0
                text43                             665A     665A       3A         0
                text42                             5C9E     5C9E       C6         0
                text41                             6290     6290       66         0
                text40                             66CC     66CC       38         0
                text39                             62F6     62F6       60         0
                text38                             2664     2664      C5C         0
                text37                             5388     5388      18A         0
                text36                             581A     581A       FA         0
                text35                             5A06     5A06       F0         0
                text34                             5BCE     5BCE       D0         0
                text33                             4E18     4E18      204         0
                text32                             661E     661E       3C         0
                text31                             6694     6694       38         0
                text30                             6356     6356       5E         0
                text29                             4928     4928      2DE         0
                text28                             32C0     32C0      9C0         0
                text27                             6226     6226       6A         0
                text26                             6830     6830       28         0
                text25                             68DC     68DC       18         0
                text24                             67DC     67DC       2A         0
                text23                             60BC     60BC       7E         0
                text22                             603A     603A       82         0
                text21                             6462     6462       52         0
                text20                             5914     5914       F2         0
                text19                             6984     6984        2         0
                text18                             65DC     65DC       42         0
                text17                             6410     6410       52         0
                text16                             63B4     63B4       5C         0
                text15                             6980     6980        4         0
                text14                             68C0     68C0       1C         0
                text13                             5E28     5E28       B8         0
                text12                             6858     6858       24         0
                text11                             6960     6960        E         0
                text10                             6774     6774       36         0
                text9                              6952     6952        E         0
                text8                              6944     6944        E         0
                text7                              6936     6936        E         0
                text6                              613A     613A       7C         0
                text5                              6928     6928        E         0
                text4                              691A     691A        E         0
                text3                              690C     690C        E         0
                text2                              61B6     61B6       70         0
                text1                              689E     689E       22         0
                text0                              687C     687C       22         0
                cinit                              6506     6506       4C         0
                idataBANK5                         6978     6978        7         0

        CLASS   CONST          

        CLASS   SMALLCONST     
                smallconst                         2600     2600       64         0

        CLASS   MEDIUMCONST    

        CLASS   COMRAM         
                cstackCOMRAM                        501      501       5F         1

        CLASS   ABS1           

        CLASS   BIGRAM         

        CLASS   RAM            

        CLASS   BANK5          
                cstackBANK5                         560      560       6C         1
                dataBANK5                           5DC      5DC        7         1
                bssBANK5                            5CC      5CC       10         1
                nvBANK5                             5E3      5E3        5         1

        CLASS   BANK6          
                cstackBANK6                         664      664        3         1
                bssBANK6                            600      600       52         1
                nvBANK6                             652      652       12         1

        CLASS   BANK7          

        CLASS   BANK8          

        CLASS   BANK9          

        CLASS   BANK10         

        CLASS   BANK11         

        CLASS   BANK12         

        CLASS   BANK13         

        CLASS   BANK14         

        CLASS   BANK15         

        CLASS   BANK16         

        CLASS   BANK17         

        CLASS   BANK18         

        CLASS   BANK19         

        CLASS   BANK20         

        CLASS   BANK21         

        CLASS   BANK22         

        CLASS   BANK23         

        CLASS   BANK24         

        CLASS   BANK25         

        CLASS   BANK26         

        CLASS   BANK27         

        CLASS   BANK28         

        CLASS   BANK29         

        CLASS   BANK30         

        CLASS   BANK31         

        CLASS   BANK32         

        CLASS   BANK33         

        CLASS   BANK34         

        CLASS   BANK35         

        CLASS   BANK36         

        CLASS   BANK37         

        CLASS   SFR            

        CLASS   CONFIG         
                config                           300000   300000        A         4

        CLASS   IDLOC          
                idloc                            200000   200000       20         5

        CLASS   EEDATA         

        CLASS   FARRAM         



SEGMENTS        Name                           Load    Length   Top    Selector   Space  Class

                reset_vec                      000000  000004  000004         0       0  CODE    
                ivt0x8                         000008  000016  00001E         4       0  CODE    
                cstackCOMRAM                   000501  00005F  000560       501       1  COMRAM  
                cstackBANK5                    000560  000088  0005E8       560       1  BANK5   
                bssBANK6                       000600  000067  000667       600       1  BANK6   
                smallconst                     002600  000064  002664      1300       0  SMALLCON
                text38                         002664  00431B  00697F      1332       0  CODE    
                text15                         006980  000006  006986      34C0       0  CODE    


UNUSED ADDRESS RANGES

        Name                Unused          Largest block    Delta
        BANK10           000A00-000AFF              100
        BANK11           000B00-000BFF              100
        BANK12           000C00-000CFF              100
        BANK13           000D00-000DFF              100
        BANK14           000E00-000EFF              100
        BANK15           000F00-000FFF              100
        BANK16           001000-0010FF              100
        BANK17           001100-0011FF              100
        BANK18           001200-0012FF              100
        BANK19           001300-0013FF              100
        BANK20           001400-0014FF              100
        BANK21           001500-0015FF              100
        BANK22           001600-0016FF              100
        BANK23           001700-0017FF              100
        BANK24           001800-0018FF              100
        BANK25           001900-0019FF              100
        BANK26           001A00-001AFF              100
        BANK27           001B00-001BFF              100
        BANK28           001C00-001CFF              100
        BANK29           001D00-001DFF              100
        BANK30           001E00-001EFF              100
        BANK31           001F00-001FFF              100
        BANK32           002000-0020FF              100
        BANK33           002100-0021FF              100
        BANK34           002200-0022FF              100
        BANK35           002300-0023FF              100
        BANK36           002400-0024FF              100
        BANK37           002500-0025FF              100
        BANK5            0005E8-0005FF               18
        BANK6            000667-0006FF               99
        BANK7            000700-0007FF              100
        BANK8            000800-0008FF              100
        BANK9            000900-0009FF              100
        BIGRAM           0005E8-0005FF               18
                         000667-0025FF             1F99
        CODE             000004-000007                4
                         00001E-0025FF             25E2
                         00697F-00697F                1
                         006986-01FFFF            1967A
        CONFIG           30000A-300011                8
        CONST            000004-000007                4
                         00001E-0025FF             25E2
                         00697F-00697F                1
                         006986-01FFFF            1967A
        EEDATA           380000-3803FF              400
        MEDIUMCONST      00697F-00697F                1
                         006986-00FFFF             967A
                         012600-01FFFF             DA00
        RAM              0005E8-0005FF               18
                         000667-0025FF              100
        SFR              000000-0004FF              100
        SMALLCONST       00697F-00697F                1
                         006986-01FFFF              100
        STACK            000667-0025FF             1F99

                                  Symbol Table

?_ADCC_GetSingleConversion                    cstackCOMRAM 000501
?___awdiv                                     cstackCOMRAM 000501
?___awmod                                     cstackCOMRAM 000501
?___fladd                                     cstackCOMRAM 000528
?___fldiv                                     cstackCOMRAM 000501
?___flmul                                     cstackCOMRAM 00050F
?___flneg                                     cstackCOMRAM 000501
?___flsub                                     cstackCOMRAM 000538
?___fltol                                     cstackCOMRAM 000501
?___fpclassifyf                               cstackCOMRAM 000501
?___lodiv                                     cstackCOMRAM 000501
?___lomod                                     cstackCOMRAM 000501
?___wmul                                      cstackCOMRAM 000501
?___xxtofl                                    cstackCOMRAM 000501
?_atoi                                        cstackCOMRAM 000508
?_efgtoa                                      cstackCOMRAM 000540
?_floorf                                      cstackCOMRAM 00051A
?_isalpha                                     cstackCOMRAM 000501
?_isdigit                                     cstackCOMRAM 000501
?_islower                                     cstackCOMRAM 000501
?_isspace                                     cstackCOMRAM 000501
?_isupper                                     cstackCOMRAM 000501
?_pad                                         cstackCOMRAM 000513
?_printf                                      cstackBANK5  0005B8
?_sprintf                                     cstackBANK5  0005B8
?_stoa                                        cstackCOMRAM 00050C
?_strlen                                      cstackCOMRAM 000501
?_strncmp                                     cstackCOMRAM 000501
?_tolower                                     cstackCOMRAM 000507
?_toupper                                     cstackCOMRAM 000507
?_utoa                                        cstackCOMRAM 00051E
?_vfpfcnvrt                                   cstackCOMRAM 00054C
?_vfprintf                                    cstackBANK5  0005B2
?_xtoa                                        cstackCOMRAM 00051E
ADCC_GetSingleConversion@channel              cstackCOMRAM 000505
IVTBASEH                                      (abs)        00045E
IVTBASEL                                      (abs)        00045D
IVTBASEU                                      (abs)        00045F
TMR0_SetInterruptHandler@InterruptHandler     cstackBANK6  000664
UART1_SetErrorHandler@interruptHandler        cstackBANK6  000664
UART1_SetFramingErrorHandler@interruptHandler cstackBANK6  000664
UART1_SetOverrunErrorHandler@interruptHandler cstackBANK6  000664
UART1_Write@txData                            cstackCOMRAM 000501
UART5_SetErrorHandler@interruptHandler        cstackBANK6  000664
UART5_SetFramingErrorHandler@interruptHandler cstackBANK6  000664
UART5_SetOverrunErrorHandler@interruptHandler cstackBANK6  000664
UART5_Write@txData                            cstackCOMRAM 000501
_ACTCON                                       (abs)        0000AC
_ADACCH                                       (abs)        0003E4
_ADACCL                                       (abs)        0003E3
_ADACCU                                       (abs)        0003E5
_ADACQH                                       (abs)        0003EF
_ADACQL                                       (abs)        0003EE
_ADACT                                        (abs)        0003F9
_ADCAP                                        (abs)        0003F0
_ADCC_GetSingleConversion                     text65       0067AA
_ADCC_Initialize                              text16       0063B4
_ADCLK                                        (abs)        0003FA
_ADCNT                                        (abs)        0003E6
_ADCON0                                       (abs)        0003F3
_ADCON0bits                                   (abs)        0003F3
_ADCON1                                       (abs)        0003F4
_ADCON1bits                                   (abs)        0003F4
_ADCON2                                       (abs)        0003F5
_ADCON2bits                                   (abs)        0003F5
_ADCON3                                       (abs)        0003F6
_ADCON3bits                                   (abs)        0003F6
_ADERRH                                       (abs)        0003DE
_ADERRL                                       (abs)        0003DD
_ADFLTRH                                      (abs)        0003E2
_ADFLTRL                                      (abs)        0003E1
_ADLTHH                                       (abs)        0003DA
_ADLTHL                                       (abs)        0003D9
_ADPCH                                        (abs)        0003EC
_ADPREH                                       (abs)        0003F2
_ADPREL                                       (abs)        0003F1
_ADPREVH                                      (abs)        0003E9
_ADPREVL                                      (abs)        0003E8
_ADREF                                        (abs)        0003F8
_ADRESH                                       (abs)        0003EB
_ADRESL                                       (abs)        0003EA
_ADRPT                                        (abs)        0003E7
_ADSTAT                                       (abs)        0003F7
_ADSTATbits                                   (abs)        0003F7
_ADSTPTH                                      (abs)        0003E0
_ADSTPTL                                      (abs)        0003DF
_ADUTHH                                       (abs)        0003DC
_ADUTHL                                       (abs)        0003DB
_ANSELA                                       (abs)        000400
_ANSELB                                       (abs)        000408
_ANSELC                                       (abs)        000410
_ANSELD                                       (abs)        000418
_ANSELE                                       (abs)        000420
_ANSELF                                       (abs)        000428
_INLVLA                                       (abs)        000404
_INLVLB                                       (abs)        00040C
_INLVLC                                       (abs)        000414
_INLVLD                                       (abs)        00041C
_INLVLE                                       (abs)        000424
_INLVLF                                       (abs)        00042C
_INTCON0bits                                  (abs)        0004D6
_INTERRUPT_Initialize                         text15       006980
_INTERRUPT_InterruptManager                   text17       006410
_LATA                                         (abs)        0004BE
_LATB                                         (abs)        0004BF
_LATC                                         (abs)        0004C0
_LATD                                         (abs)        0004C1
_LATE                                         (abs)        0004C2
_LATF                                         (abs)        0004C3
_LATFbits                                     (abs)        0004C3
_ODCONA                                       (abs)        000402
_ODCONB                                       (abs)        00040A
_ODCONC                                       (abs)        000412
_ODCOND                                       (abs)        00041A
_ODCONE                                       (abs)        000422
_ODCONF                                       (abs)        00042A
_OSCCON1                                      (abs)        0000AD
_OSCCON3                                      (abs)        0000AF
_OSCEN                                        (abs)        0000B3
_OSCFRQ                                       (abs)        0000B1
_OSCILLATOR_Initialize                        text14       0068C0
_OSCTUNE                                      (abs)        0000B0
_PIE3bits                                     (abs)        0004A1
_PIN_MANAGER_Initialize                       text13       005E28
_PIR13bits                                    (abs)        0004BB
_PIR3bits                                     (abs)        0004B1
_PIR4bits                                     (abs)        0004B2
_PMD0                                         (abs)        000060
_PMD1                                         (abs)        000061
_PMD3                                         (abs)        000063
_PMD4                                         (abs)        000064
_PMD5                                         (abs)        000065
_PMD6                                         (abs)        000066
_PMD7                                         (abs)        000067
_PMD8                                         (abs)        000068
_PMD_Initialize                               text12       006858
_RB1I2C                                       (abs)        000289
_RB2I2C                                       (abs)        000288
_RC2PPS                                       (abs)        000213
_RC3I2C                                       (abs)        000287
_RC4I2C                                       (abs)        000286
_RF0PPS                                       (abs)        000229
_SLRCONA                                      (abs)        000403
_SLRCONB                                      (abs)        00040B
_SLRCONC                                      (abs)        000413
_SLRCOND                                      (abs)        00041B
_SLRCONE                                      (abs)        000423
_SLRCONF                                      (abs)        00042B
_SYSTEM_Initialize                            text1        00689E
_T0CON0                                       (abs)        00031A
_T0CON0bits                                   (abs)        00031A
_T0CON1                                       (abs)        00031B
_TMR0H                                        (abs)        000319
_TMR0L                                        (abs)        000318
_TMR0_DefaultInterruptHandler                 text19       006984
_TMR0_ISR                                     text18       0065DC
_TMR0_Initialize                              text10       006774
_TMR0_InterruptHandler                        nvBANK5      0005E3
_TMR0_SetInterruptHandler                     text11       006960
_TRISA                                        (abs)        0004C6
_TRISB                                        (abs)        0004C7
_TRISC                                        (abs)        0004C8
_TRISD                                        (abs)        0004C9
_TRISE                                        (abs)        0004CA
_TRISF                                        (abs)        0004CB
_U1BRGH                                       (abs)        0002AF
_U1BRGL                                       (abs)        0002AE
_U1CON0                                       (abs)        0002AB
_U1CON0bits                                   (abs)        0002AB
_U1CON1                                       (abs)        0002AC
_U1CON2                                       (abs)        0002AD
_U1ERRIE                                      (abs)        0002B3
_U1ERRIR                                      (abs)        0002B2
_U1ERRIRbits                                  (abs)        0002B2
_U1FIFO                                       (abs)        0002B0
_U1P1H                                        (abs)        0002A6
_U1P1L                                        (abs)        0002A5
_U1P2H                                        (abs)        0002A8
_U1P2L                                        (abs)        0002A7
_U1P3H                                        (abs)        0002AA
_U1P3L                                        (abs)        0002A9
_U1RXB                                        (abs)        0002A1
_U1RXPPS                                      (abs)        000272
_U1TXB                                        (abs)        0002A3
_U1UIR                                        (abs)        0002B1
_U5BRGH                                       (abs)        0002FB
_U5BRGL                                       (abs)        0002FA
_U5CON0                                       (abs)        0002F7
_U5CON0bits                                   (abs)        0002F7
_U5CON1                                       (abs)        0002F8
_U5CON2                                       (abs)        0002F9
_U5ERRIE                                      (abs)        0002FF
_U5ERRIR                                      (abs)        0002FE
_U5ERRIRbits                                  (abs)        0002FE
_U5FIFO                                       (abs)        0002FC
_U5P1L                                        (abs)        0002F1
_U5P2L                                        (abs)        0002F3
_U5P3L                                        (abs)        0002F5
_U5RXB                                        (abs)        0002ED
_U5RXPPS                                      (abs)        00027A
_U5TXB                                        (abs)        0002EF
_U5UIR                                        (abs)        0002FD
_UART1_DefaultErrorHandler                    (abs)        000000
_UART1_DefaultFramingErrorHandler             (abs)        000000
_UART1_DefaultOverrunErrorHandler             (abs)        000000
_UART1_ErrorHandler                           nvBANK6      000652
_UART1_FramingErrorHandler                    nvBANK6      000658
_UART1_Initialize                             text6        00613A
_UART1_OverrunErrorHandler                    nvBANK6      000655
_UART1_SetErrorHandler                        text9        006952
_UART1_SetFramingErrorHandler                 text8        006944
_UART1_SetOverrunErrorHandler                 text7        006936
_UART1_Write                                  text25       0068DC
_UART1_is_tx_ready                            text24       0067DC
_UART1_is_tx_ready$920                        cstackCOMRAM 000501
_UART5_DefaultErrorHandler                    (abs)        000000
_UART5_DefaultFramingErrorHandler             (abs)        000000
_UART5_DefaultOverrunErrorHandler             (abs)        000000
_UART5_ErrorHandler                           nvBANK6      00065B
_UART5_FramingErrorHandler                    nvBANK6      000661
_UART5_Initialize                             text2        0061B6
_UART5_OverrunErrorHandler                    nvBANK6      00065E
_UART5_SetErrorHandler                        text5        006928
_UART5_SetFramingErrorHandler                 text4        00691A
_UART5_SetOverrunErrorHandler                 text3        00690C
_UART5_Write                                  text47       0068F4
_WPUA                                         (abs)        000401
_WPUB                                         (abs)        000409
_WPUC                                         (abs)        000411
_WPUD                                         (abs)        000419
_WPUE                                         (abs)        000421
_WPUF                                         (abs)        000429
__HRAM                                        (abs)        000000
__Habs1                                       abs1         000000
__Hbank10                                     bank10       000000
__Hbank11                                     bank11       000000
__Hbank12                                     bank12       000000
__Hbank13                                     bank13       000000
__Hbank14                                     bank14       000000
__Hbank15                                     bank15       000000
__Hbank16                                     bank16       000000
__Hbank17                                     bank17       000000
__Hbank18                                     bank18       000000
__Hbank19                                     bank19       000000
__Hbank20                                     bank20       000000
__Hbank21                                     bank21       000000
__Hbank22                                     bank22       000000
__Hbank23                                     bank23       000000
__Hbank24                                     bank24       000000
__Hbank25                                     bank25       000000
__Hbank26                                     bank26       000000
__Hbank27                                     bank27       000000
__Hbank28                                     bank28       000000
__Hbank29                                     bank29       000000
__Hbank30                                     bank30       000000
__Hbank31                                     bank31       000000
__Hbank32                                     bank32       000000
__Hbank33                                     bank33       000000
__Hbank34                                     bank34       000000
__Hbank35                                     bank35       000000
__Hbank36                                     bank36       000000
__Hbank37                                     bank37       000000
__Hbank5                                      bank5        000000
__Hbank6                                      bank6        000000
__Hbank7                                      bank7        000000
__Hbank8                                      bank8        000000
__Hbank9                                      bank9        000000
__Hbigbss                                     bigbss       000000
__Hbigdata                                    bigdata      000000
__Hbigram                                     bigram       000000
__Hbss                                        bss          000000
__HbssBANK5                                   bssBANK5     000000
__HbssBANK6                                   bssBANK6     000000
__Hcinit                                      cinit        000000
__Hclrtext                                    clrtext      000000
__Hcomram                                     comram       000000
__Hconfig                                     config       30000A
__Hconst                                      const        000000
__HcstackBANK5                                cstackBANK5  000000
__HcstackBANK6                                cstackBANK6  000000
__HcstackCOMRAM                               cstackCOMRAM 000000
__Hdata                                       data         000000
__HdataBANK5                                  dataBANK5    000000
__Heeprom_data                                eeprom_data  000000
__Hfarbss                                     farbss       000000
__Hfardata                                    fardata      000000
__Hibigdata                                   ibigdata     000000
__Hidata                                      idata        000000
__HidataBANK5                                 idataBANK5   000000
__Hidloc                                      idloc        200020
__Hifardata                                   ifardata     000000
__Hinit                                       init         00001E
__Hintsave_regs                               intsave_regs 000000
__Hirdata                                     irdata       000000
__Hivt0x8                                     ivt0x8       00001A
__Hmediumconst                                mediumconst  000000
__HnvBANK5                                    nvBANK5      000000
__HnvBANK6                                    nvBANK6      000000
__HnvFARRAM                                   nvFARRAM     000000
__Hnvbit                                      nvbit        000000
__Hnvrram                                     nvrram       000000
__Hparam                                      rparam       000000
__Hpowerup                                    powerup      000000
__Hram                                        ram          000000
__Hramtop                                     ramtop       002600
__Hrbit                                       rbit         000000
__Hrbss                                       rbss         000000
__Hrdata                                      rdata        000000
__Hreset_vec                                  reset_vec    000004
__Hrparam                                     rparam       000000
__Hsfr                                        sfr          000000
__Hsmallconst                                 smallconst   002664
__Hspace_0                                    (abs)        006986
__Hspace_1                                    (abs)        000667
__Hspace_2                                    (abs)        000000
__Hspace_4                                    (abs)        60000A
__Hstack                                      stack        000000
__Hstruct                                     struct       000000
__Htemp                                       temp         000000
__Htext                                       text         000000
__Htext0                                      text0        000000
__Htext1                                      text1        000000
__Htext10                                     text10       000000
__Htext11                                     text11       000000
__Htext12                                     text12       000000
__Htext13                                     text13       000000
__Htext14                                     text14       000000
__Htext15                                     text15       000000
__Htext16                                     text16       000000
__Htext17                                     text17       000000
__Htext18                                     text18       000000
__Htext19                                     text19       000000
__Htext2                                      text2        000000
__Htext20                                     text20       000000
__Htext21                                     text21       000000
__Htext22                                     text22       000000
__Htext23                                     text23       000000
__Htext24                                     text24       000000
__Htext25                                     text25       000000
__Htext26                                     text26       000000
__Htext27                                     text27       000000
__Htext28                                     text28       000000
__Htext29                                     text29       000000
__Htext3                                      text3        000000
__Htext30                                     text30       000000
__Htext31                                     text31       000000
__Htext32                                     text32       000000
__Htext33                                     text33       000000
__Htext34                                     text34       000000
__Htext35                                     text35       000000
__Htext36                                     text36       000000
__Htext37                                     text37       000000
__Htext38                                     text38       000000
__Htext39                                     text39       000000
__Htext4                                      text4        000000
__Htext40                                     text40       000000
__Htext41                                     text41       000000
__Htext42                                     text42       000000
__Htext43                                     text43       000000
__Htext44                                     text44       000000
__Htext45                                     text45       000000
__Htext46                                     text46       000000
__Htext47                                     text47       000000
__Htext48                                     text48       000000
__Htext49                                     text49       000000
__Htext5                                      text5        000000
__Htext50                                     text50       000000
__Htext51                                     text51       000000
__Htext52                                     text52       000000
__Htext53                                     text53       000000
__Htext54                                     text54       000000
__Htext55                                     text55       000000
__Htext56                                     text56       000000
__Htext57                                     text57       000000
__Htext58                                     text58       000000
__Htext59                                     text59       000000
__Htext6                                      text6        000000
__Htext60                                     text60       000000
__Htext61                                     text61       000000
__Htext62                                     text62       000000
__Htext63                                     text63       000000
__Htext64                                     text64       000000
__Htext65                                     text65       000000
__Htext66                                     text66       000000
__Htext7                                      text7        000000
__Htext8                                      text8        000000
__Htext9                                      text9        000000
__LRAM                                        (abs)        000001
__Labs1                                       abs1         000000
__Lbank10                                     bank10       000000
__Lbank11                                     bank11       000000
__Lbank12                                     bank12       000000
__Lbank13                                     bank13       000000
__Lbank14                                     bank14       000000
__Lbank15                                     bank15       000000
__Lbank16                                     bank16       000000
__Lbank17                                     bank17       000000
__Lbank18                                     bank18       000000
__Lbank19                                     bank19       000000
__Lbank20                                     bank20       000000
__Lbank21                                     bank21       000000
__Lbank22                                     bank22       000000
__Lbank23                                     bank23       000000
__Lbank24                                     bank24       000000
__Lbank25                                     bank25       000000
__Lbank26                                     bank26       000000
__Lbank27                                     bank27       000000
__Lbank28                                     bank28       000000
__Lbank29                                     bank29       000000
__Lbank30                                     bank30       000000
__Lbank31                                     bank31       000000
__Lbank32                                     bank32       000000
__Lbank33                                     bank33       000000
__Lbank34                                     bank34       000000
__Lbank35                                     bank35       000000
__Lbank36                                     bank36       000000
__Lbank37                                     bank37       000000
__Lbank5                                      bank5        000000
__Lbank6                                      bank6        000000
__Lbank7                                      bank7        000000
__Lbank8                                      bank8        000000
__Lbank9                                      bank9        000000
__Lbigbss                                     bigbss       000000
__Lbigdata                                    bigdata      000000
__Lbigram                                     bigram       000000
__Lbss                                        bss          000000
__LbssBANK5                                   bssBANK5     000000
__LbssBANK6                                   bssBANK6     000000
__Lcinit                                      cinit        000000
__Lclrtext                                    clrtext      000000
__Lcomram                                     comram       000000
__Lconfig                                     config       000000
__Lconst                                      const        000000
__LcstackBANK5                                cstackBANK5  000000
__LcstackBANK6                                cstackBANK6  000000
__LcstackCOMRAM                               cstackCOMRAM 000000
__Ldata                                       data         000000
__LdataBANK5                                  dataBANK5    000000
__Leeprom_data                                eeprom_data  000000
__Lfarbss                                     farbss       000000
__Lfardata                                    fardata      000000
__Libigdata                                   ibigdata     000000
__Lidata                                      idata        000000
__LidataBANK5                                 idataBANK5   000000
__Lidloc                                      idloc        000000
__Lifardata                                   ifardata     000000
__Linit                                       init         00001A
__Lintsave_regs                               intsave_regs 000000
__Lirdata                                     irdata       000000
__Livt0x8                                     ivt0x8       000008
__Lmediumconst                                mediumconst  000000
__LnvBANK5                                    nvBANK5      000000
__LnvBANK6                                    nvBANK6      000000
__LnvFARRAM                                   nvFARRAM     000000
__Lnvbit                                      nvbit        000000
__Lnvrram                                     nvrram       000000
__Lparam                                      rparam       000000
__Lpowerup                                    powerup      000000
__Lram                                        ram          000000
__Lramtop                                     ramtop       002600
__Lrbit                                       rbit         000000
__Lrbss                                       rbss         000000
__Lrdata                                      rdata        000000
__Lreset_vec                                  reset_vec    000000
__Lrparam                                     rparam       000000
__Lsfr                                        sfr          000000
__Lsmallconst                                 smallconst   002600
__Lspace_0                                    (abs)        000000
__Lspace_1                                    (abs)        000000
__Lspace_2                                    (abs)        000000
__Lspace_4                                    (abs)        000000
__Lstack                                      stack        000000
__Lstruct                                     struct       000000
__Ltemp                                       temp         000000
__Ltext                                       text         000000
__Ltext0                                      text0        000000
__Ltext1                                      text1        000000
__Ltext10                                     text10       000000
__Ltext11                                     text11       000000
__Ltext12                                     text12       000000
__Ltext13                                     text13       000000
__Ltext14                                     text14       000000
__Ltext15                                     text15       000000
__Ltext16                                     text16       000000
__Ltext17                                     text17       000000
__Ltext18                                     text18       000000
__Ltext19                                     text19       000000
__Ltext2                                      text2        000000
__Ltext20                                     text20       000000
__Ltext21                                     text21       000000
__Ltext22                                     text22       000000
__Ltext23                                     text23       000000
__Ltext24                                     text24       000000
__Ltext25                                     text25       000000
__Ltext26                                     text26       000000
__Ltext27                                     text27       000000
__Ltext28                                     text28       000000
__Ltext29                                     text29       000000
__Ltext3                                      text3        000000
__Ltext30                                     text30       000000
__Ltext31                                     text31       000000
__Ltext32                                     text32       000000
__Ltext33                                     text33       000000
__Ltext34                                     text34       000000
__Ltext35                                     text35       000000
__Ltext36                                     text36       000000
__Ltext37                                     text37       000000
__Ltext38                                     text38       000000
__Ltext39                                     text39       000000
__Ltext4                                      text4        000000
__Ltext40                                     text40       000000
__Ltext41                                     text41       000000
__Ltext42                                     text42       000000
__Ltext43                                     text43       000000
__Ltext44                                     text44       000000
__Ltext45                                     text45       000000
__Ltext46                                     text46       000000
__Ltext47                                     text47       000000
__Ltext48                                     text48       000000
__Ltext49                                     text49       000000
__Ltext5                                      text5        000000
__Ltext50                                     text50       000000
__Ltext51                                     text51       000000
__Ltext52                                     text52       000000
__Ltext53                                     text53       000000
__Ltext54                                     text54       000000
__Ltext55                                     text55       000000
__Ltext56                                     text56       000000
__Ltext57                                     text57       000000
__Ltext58                                     text58       000000
__Ltext59                                     text59       000000
__Ltext6                                      text6        000000
__Ltext60                                     text60       000000
__Ltext61                                     text61       000000
__Ltext62                                     text62       000000
__Ltext63                                     text63       000000
__Ltext64                                     text64       000000
__Ltext65                                     text65       000000
__Ltext66                                     text66       000000
__Ltext7                                      text7        000000
__Ltext8                                      text8        000000
__Ltext9                                      text9        000000
__S0                                          (abs)        006986
__S1                                          (abs)        000667
__S2                                          (abs)        000000
__S4                                          (abs)        000000
__S5                                          (abs)        000000
___awdiv                                      text59       005D64
___awdiv@counter                              cstackCOMRAM 000505
___awdiv@dividend                             cstackCOMRAM 000501
___awdiv@divisor                              cstackCOMRAM 000503
___awdiv@quotient                             cstackCOMRAM 000507
___awdiv@sign                                 cstackCOMRAM 000506
___awmod                                      text58       005EE0
___awmod@counter                              cstackCOMRAM 000505
___awmod@dividend                             cstackCOMRAM 000501
___awmod@divisor                              cstackCOMRAM 000503
___awmod@sign                                 cstackCOMRAM 000506
___fladd                                      text52       003C80
___fladd@a                                    cstackCOMRAM 00052C
___fladd@aexp                                 cstackCOMRAM 000535
___fladd@b                                    cstackCOMRAM 000528
___fladd@bexp                                 cstackCOMRAM 000536
___fladd@grs                                  cstackCOMRAM 000537
___fladd@signs                                cstackCOMRAM 000534
___fldiv                                      text57       00458E
___fldiv@a                                    cstackCOMRAM 000505
___fldiv@aexp                                 cstackCOMRAM 000519
___fldiv@b                                    cstackCOMRAM 000501
___fldiv@bexp                                 cstackCOMRAM 000518
___fldiv@grs                                  cstackCOMRAM 000514
___fldiv@new_exp                              cstackCOMRAM 000512
___fldiv@rem                                  cstackCOMRAM 00050D
___fldiv@sign                                 cstackCOMRAM 000511
___fleq                                       text56       005F90
___fleq@ff1                                   cstackCOMRAM 000501
___fleq@ff2                                   cstackCOMRAM 000505
___flge                                       text55       005618
___flge@ff1                                   cstackCOMRAM 000528
___flge@ff2                                   cstackCOMRAM 00052C
___flmul                                      text54       004140
___flmul@a                                    cstackCOMRAM 000513
___flmul@aexp                                 cstackCOMRAM 000520
___flmul@b                                    cstackCOMRAM 00050F
___flmul@bexp                                 cstackCOMRAM 000521
___flmul@grs                                  cstackCOMRAM 00051C
___flmul@prod                                 cstackCOMRAM 000522
___flmul@sign                                 cstackCOMRAM 00051B
___flmul@temp                                 cstackCOMRAM 000526
___flneg                                      text53       006704
___flneg@f1                                   cstackCOMRAM 000501
___flsub                                      text51       006552
___flsub@a                                    cstackCOMRAM 00053C
___flsub@b                                    cstackCOMRAM 000538
___fltol                                      text50       005512
___fltol@exp1                                 cstackCOMRAM 00050A
___fltol@f1                                   cstackCOMRAM 000501
___fltol@sign1                                cstackCOMRAM 000509
___fpclassifyf                                text49       00571C
___fpclassifyf@F465                           bssBANK5     0005D0
___fpclassifyf@e                              cstackCOMRAM 000509
___fpclassifyf@u                              cstackCOMRAM 00050B
___fpclassifyf@x                              cstackCOMRAM 000501
___inthi_sp                                   stack        000000
___intlo_sp                                   stack        000000
___lodiv                                      text35       005A06
___lodiv@counter                              cstackCOMRAM 000519
___lodiv@dividend                             cstackCOMRAM 000501
___lodiv@divisor                              cstackCOMRAM 000509
___lodiv@quotient                             cstackCOMRAM 000511
___lomod                                      text34       005BCE
___lomod@counter                              cstackCOMRAM 000511
___lomod@dividend                             cstackCOMRAM 000501
___lomod@divisor                              cstackCOMRAM 000509
___param_bank                                 (abs)        000000
___rparam_used                                (abs)        000001
___sp                                         stack        000000
___wmul                                       text63       006806
___wmul@multiplicand                          cstackCOMRAM 000503
___wmul@multiplier                            cstackCOMRAM 000501
___wmul@product                               cstackCOMRAM 000505
___xxtofl                                     text64       0051D4
___xxtofl@arg                                 cstackCOMRAM 00050B
___xxtofl@exp                                 cstackCOMRAM 00050A
___xxtofl@sign                                cstackCOMRAM 000509
___xxtofl@val                                 cstackCOMRAM 000501
__accesstop                                   (abs)        000560
__activetblptr                                (abs)        000003
__end_of_ADCC_GetSingleConversion             text65       0067DC
__end_of_ADCC_Initialize                      text16       006410
__end_of_INTERRUPT_Initialize                 text15       006984
__end_of_INTERRUPT_InterruptManager           text17       006462
__end_of_OSCILLATOR_Initialize                text14       0068DC
__end_of_PIN_MANAGER_Initialize               text13       005EE0
__end_of_PMD_Initialize                       text12       00687C
__end_of_SYSTEM_Initialize                    text1        0068C0
__end_of_TMR0_DefaultInterruptHandler         text19       006986
__end_of_TMR0_ISR                             text18       00661E
__end_of_TMR0_Initialize                      text10       0067AA
__end_of_TMR0_SetInterruptHandler             text11       00696E
__end_of_UART1_Initialize                     text6        0061B6
__end_of_UART1_SetErrorHandler                text9        006960
__end_of_UART1_SetFramingErrorHandler         text8        006952
__end_of_UART1_SetOverrunErrorHandler         text7        006944
__end_of_UART1_Write                          text25       0068F4
__end_of_UART1_is_tx_ready                    text24       006806
__end_of_UART5_Initialize                     text2        006226
__end_of_UART5_SetErrorHandler                text5        006936
__end_of_UART5_SetFramingErrorHandler         text4        006928
__end_of_UART5_SetOverrunErrorHandler         text3        00691A
__end_of_UART5_Write                          text47       00690C
__end_of___awdiv                              text59       005E28
__end_of___awmod                              text58       005F90
__end_of___fladd                              text52       004140
__end_of___fldiv                              text57       004928
__end_of___fleq                               text56       00603A
__end_of___flge                               text55       00571C
__end_of___flmul                              text54       00458E
__end_of___flneg                              text53       00673C
__end_of___flsub                              text51       006598
__end_of___fltol                              text50       005618
__end_of___fpclassifyf                        text49       00581A
__end_of___lodiv                              text35       005AF6
__end_of___lomod                              text34       005C9E
__end_of___wmul                               text63       006830
__end_of___xxtofl                             text64       005388
__end_of__initialization                      cinit        00654C
__end_of_atoi                                 text60       0051D4
__end_of_efgtoa                               text38       0032C0
__end_of_floorf                               text48       004E18
__end_of_fputc                                text45       005BCE
__end_of_fputs                                text44       0065DC
__end_of_isalpha                              text32       00665A
__end_of_isdigit                              text62       006774
__end_of_islower                              text31       0066CC
__end_of_isspace                              text61       006506
__end_of_isupper                              text40       006704
__end_of_main                                 text0        00689E
__end_of_pad                                  text42       005D64
__end_of_printf                               text26       006858
__end_of_putch                                text46       006978
__end_of_send_AT                              text23       00613A
__end_of_send_data                            text22       0060BC
__end_of_sensor_interrupt                     text20       005A06
__end_of_sprintf                              text21       0064B4
__end_of_stoa                                 text37       005512
__end_of_strcpy                               text41       0062F6
__end_of_strlen                               text43       006694
__end_of_strncmp                              text36       005914
__end_of_tolower                              text39       006356
__end_of_toupper                              text30       0063B4
__end_of_utoa                                 text33       00501C
__end_of_vfpfcnvrt                            text28       003C80
__end_of_vfprintf                             text27       006290
__end_of_xtoa                                 text29       004C06
__initialization                              cinit        006506
__mediumconst                                 mediumconst  000000
__pbssBANK5                                   bssBANK5     0005CC
__pbssBANK6                                   bssBANK6     000600
__pcinit                                      cinit        006506
__pcstackBANK5                                cstackBANK5  000560
__pcstackBANK6                                cstackBANK6  000664
__pcstackCOMRAM                               cstackCOMRAM 000501
__pdataBANK5                                  dataBANK5    0005DC
__pidataBANK5                                 idataBANK5   006978
__pivt0x8                                     ivt0x8       000008
__pnvBANK5                                    nvBANK5      0005E3
__pnvBANK6                                    nvBANK6      000652
__psmallconst                                 smallconst   002600
__ptext0                                      text0        00687C
__ptext1                                      text1        00689E
__ptext10                                     text10       006774
__ptext11                                     text11       006960
__ptext12                                     text12       006858
__ptext13                                     text13       005E28
__ptext14                                     text14       0068C0
__ptext15                                     text15       006980
__ptext16                                     text16       0063B4
__ptext17                                     text17       006410
__ptext18                                     text18       0065DC
__ptext19                                     text19       006984
__ptext2                                      text2        0061B6
__ptext20                                     text20       005914
__ptext21                                     text21       006462
__ptext22                                     text22       00603A
__ptext23                                     text23       0060BC
__ptext24                                     text24       0067DC
__ptext25                                     text25       0068DC
__ptext26                                     text26       006830
__ptext27                                     text27       006226
__ptext28                                     text28       0032C0
__ptext29                                     text29       004928
__ptext3                                      text3        00690C
__ptext30                                     text30       006356
__ptext31                                     text31       006694
__ptext32                                     text32       00661E
__ptext33                                     text33       004E18
__ptext34                                     text34       005BCE
__ptext35                                     text35       005A06
__ptext36                                     text36       00581A
__ptext37                                     text37       005388
__ptext38                                     text38       002664
__ptext39                                     text39       0062F6
__ptext4                                      text4        00691A
__ptext40                                     text40       0066CC
__ptext41                                     text41       006290
__ptext42                                     text42       005C9E
__ptext43                                     text43       00665A
__ptext44                                     text44       006598
__ptext45                                     text45       005AF6
__ptext46                                     text46       00696E
__ptext47                                     text47       0068F4
__ptext48                                     text48       004C06
__ptext49                                     text49       00571C
__ptext5                                      text5        006928
__ptext50                                     text50       005512
__ptext51                                     text51       006552
__ptext52                                     text52       003C80
__ptext53                                     text53       006704
__ptext54                                     text54       004140
__ptext55                                     text55       005618
__ptext56                                     text56       005F90
__ptext57                                     text57       00458E
__ptext58                                     text58       005EE0
__ptext59                                     text59       005D64
__ptext6                                      text6        00613A
__ptext60                                     text60       00501C
__ptext61                                     text61       0064B4
__ptext62                                     text62       00673C
__ptext63                                     text63       006806
__ptext64                                     text64       0051D4
__ptext65                                     text65       0067AA
__ptext66                                     text66       000000
__ptext7                                      text7        006936
__ptext8                                      text8        006944
__ptext9                                      text9        006952
__ramtop                                      ramtop       002600
__size_of_ADCC_GetSingleConversion            (abs)        000000
__size_of_ADCC_Initialize                     (abs)        000000
__size_of_INTERRUPT_Initialize                (abs)        000000
__size_of_INTERRUPT_InterruptManager          (abs)        000000
__size_of_OSCILLATOR_Initialize               (abs)        000000
__size_of_PIN_MANAGER_Initialize              (abs)        000000
__size_of_PMD_Initialize                      (abs)        000000
__size_of_SYSTEM_Initialize                   (abs)        000000
__size_of_TMR0_DefaultInterruptHandler        (abs)        000000
__size_of_TMR0_ISR                            (abs)        000000
__size_of_TMR0_Initialize                     (abs)        000000
__size_of_TMR0_SetInterruptHandler            (abs)        000000
__size_of_UART1_Initialize                    (abs)        000000
__size_of_UART1_SetErrorHandler               (abs)        000000
__size_of_UART1_SetFramingErrorHandler        (abs)        000000
__size_of_UART1_SetOverrunErrorHandler        (abs)        000000
__size_of_UART1_Write                         (abs)        000000
__size_of_UART1_is_tx_ready                   (abs)        000000
__size_of_UART5_Initialize                    (abs)        000000
__size_of_UART5_SetErrorHandler               (abs)        000000
__size_of_UART5_SetFramingErrorHandler        (abs)        000000
__size_of_UART5_SetOverrunErrorHandler        (abs)        000000
__size_of_UART5_Write                         (abs)        000000
__size_of___awdiv                             (abs)        000000
__size_of___awmod                             (abs)        000000
__size_of___fladd                             (abs)        000000
__size_of___fldiv                             (abs)        000000
__size_of___fleq                              (abs)        000000
__size_of___flge                              (abs)        000000
__size_of___flmul                             (abs)        000000
__size_of___flneg                             (abs)        000000
__size_of___flsub                             (abs)        000000
__size_of___fltol                             (abs)        000000
__size_of___fpclassifyf                       (abs)        000000
__size_of___lodiv                             (abs)        000000
__size_of___lomod                             (abs)        000000
__size_of___wmul                              (abs)        000000
__size_of___xxtofl                            (abs)        000000
__size_of_atoi                                (abs)        000000
__size_of_efgtoa                              (abs)        000000
__size_of_floorf                              (abs)        000000
__size_of_fputc                               (abs)        000000
__size_of_fputs                               (abs)        000000
__size_of_isalpha                             (abs)        000000
__size_of_isdigit                             (abs)        000000
__size_of_islower                             (abs)        000000
__size_of_isspace                             (abs)        000000
__size_of_isupper                             (abs)        000000
__size_of_main                                (abs)        000000
__size_of_pad                                 (abs)        000000
__size_of_printf                              (abs)        000000
__size_of_putch                               (abs)        000000
__size_of_send_AT                             (abs)        000000
__size_of_send_data                           (abs)        000000
__size_of_sensor_interrupt                    (abs)        000000
__size_of_sprintf                             (abs)        000000
__size_of_stoa                                (abs)        000000
__size_of_strcpy                              (abs)        000000
__size_of_strlen                              (abs)        000000
__size_of_strncmp                             (abs)        000000
__size_of_tolower                             (abs)        000000
__size_of_toupper                             (abs)        000000
__size_of_utoa                                (abs)        000000
__size_of_vfpfcnvrt                           (abs)        000000
__size_of_vfprintf                            (abs)        000000
__size_of_xtoa                                (abs)        000000
__smallconst                                  smallconst   002600
_atoi                                         text60       00501C
_atoi$1938                                    cstackCOMRAM 000510
_atoi$1939                                    cstackCOMRAM 000514
_atoi$1940                                    cstackCOMRAM 000512
_dbuf                                         bssBANK6     000602
_efgtoa                                       text38       002664
[...]
_flags                                        bssBANK5     0005DA
_floorf                                       text48       004C06
_fputc                                        text45       005AF6
_fputs                                        text44       006598
_isalpha                                      text32       00661E
_isdigit                                      text62       00673C
_islower                                      text31       006694
_isspace                                      text61       0064B4
_isspace$1978                                 cstackCOMRAM 000507
_isupper                                      text40       0066CC
_main                                         text0        00687C
_nout                                         bssBANK5     0005D4
_pad                                          text42       005C9E
_prec                                         bssBANK5     0005D8
_printf                                       text26       006830
_putch                                        text46       00696E
_send_AT                                      text23       0060BC
_send_data                                    text22       00603A
_sensor_interrupt                             text20       005914
_sprintf                                      text21       006462
_stoa                                         text37       005388
_strcpy                                       text41       006290
_strlen                                       text43       00665A
_strncmp                                      text36       00581A
_timer0ReloadVal16bit                         nvBANK5      0005E6
_tolower                                      text39       0062F6
_tolower$2047                                 cstackCOMRAM 00050D
_toupper                                      text30       006356
_toupper$2062                                 cstackCOMRAM 00050D
_uart1RxLastError                             bssBANK6     000600
_uart5RxLastError                             bssBANK6     000601
_utoa                                         text33       004E18
_vfpfcnvrt                                    text28       0032C0
_vfpfcnvrt$1896                               cstackBANK5  00059C
_vfpfcnvrt$1897                               cstackBANK5  00059E
_vfpfcnvrt$1901                               cstackBANK5  0005A0
_vfprintf                                     text27       006226
_width                                        bssBANK5     0005D6
_xtoa                                         text29       004928
_xtoa$1881                                    cstackCOMRAM 000531
_xtoa$1882                                    cstackCOMRAM 000533
atoi@n                                        cstackCOMRAM 000515
atoi@neg                                      cstackCOMRAM 00050E
atoi@s                                        cstackCOMRAM 000508
efgtoa@c                                      cstackCOMRAM 000546
efgtoa@d                                      cstackBANK5  000578
efgtoa@e                                      cstackBANK5  000590
efgtoa@f                                      cstackCOMRAM 000542
efgtoa@fp                                     cstackCOMRAM 000540
efgtoa@g                                      cstackBANK5  00058C
efgtoa@h                                      cstackBANK5  000582
efgtoa@i                                      cstackBANK5  00058A
efgtoa@l                                      cstackBANK5  000586
efgtoa@m                                      cstackBANK5  000572
efgtoa@mode                                   cstackBANK5  000581
efgtoa@n                                      cstackBANK5  000592
efgtoa@ne                                     cstackBANK5  000570
efgtoa@nmode                                  cstackBANK5  000580
efgtoa@ou                                     cstackBANK5  000574
efgtoa@p                                      cstackBANK5  00057C
efgtoa@pp                                     cstackBANK5  00056E
efgtoa@sign                                   cstackBANK5  00057A
efgtoa@t                                      cstackBANK5  00056C
efgtoa@u                                      cstackBANK5  000594
efgtoa@w                                      cstackBANK5  00057E
end_of_initialization                         cinit        00654C
floorf@F527                                   bssBANK5     0005CC
floorf@e                                      cstackCOMRAM 000528
floorf@m                                      cstackCOMRAM 000524
floorf@u                                      cstackCOMRAM 00052A
floorf@x                                      cstackCOMRAM 00051A
fputc@c                                       cstackCOMRAM 000503
fputc@fp                                      cstackCOMRAM 000505
fputs@c                                       cstackCOMRAM 000510
fputs@fp                                      cstackCOMRAM 00050E
fputs@i                                       cstackCOMRAM 000511
fputs@s                                       cstackCOMRAM 00050C
intlevel0                                     text         000000
intlevel1                                     text         000000
intlevel2                                     text         000000
intlevel3                                     text         000000
isa$std                                       (abs)        000001
isa$xinst                                     (abs)        000000
isalpha@c                                     cstackCOMRAM 000501
isdigit@c                                     cstackCOMRAM 000501
islower@c                                     cstackCOMRAM 000501
isspace@c                                     cstackCOMRAM 000501
isupper@c                                     cstackCOMRAM 000501
ivt0x8_base                                   ivt0x8       000008
pad@buf                                       cstackCOMRAM 000515
pad@fp                                        cstackCOMRAM 000513
pad@i                                         cstackCOMRAM 00051A
pad@p                                         cstackCOMRAM 000517
pad@w                                         cstackCOMRAM 00051C
printf@ap                                     cstackCOMRAM 000558
printf@fmt                                    cstackBANK5  0005B8
putch@txData                                  cstackCOMRAM 000502
send_AT@t                                     cstackCOMRAM 000502
send_data@val                                 cstackCOMRAM 000504
sensor_interrupt@moist_level                  cstackBANK5  0005BE
sensor_interrupt@value                        cstackBANK5  0005C6
sensor_interrupt@value_hex                    cstackBANK5  0005C2
sprintf@ap                                    cstackCOMRAM 000558
sprintf@f                                     cstackCOMRAM 00055A
sprintf@fmt                                   cstackBANK5  0005BA
sprintf@s                                     cstackBANK5  0005B8
stackhi                                       (abs)        0025FF
stacklo                                       (abs)        000667
start                                         init         00001A
start_initialization                          cinit        006506
stoa@F1155                                    dataBANK5    0005DC
stoa@cp                                       cstackCOMRAM 00051C
stoa@fp                                       cstackCOMRAM 00050C
stoa@i                                        cstackCOMRAM 000518
stoa@l                                        cstackCOMRAM 000520
stoa@nuls                                     cstackCOMRAM 000511
stoa@p                                        cstackCOMRAM 00051E
stoa@s                                        cstackCOMRAM 00050E
stoa@w                                        cstackCOMRAM 00051A
strcpy@d                                      cstackCOMRAM 000509
strcpy@dest                                   cstackCOMRAM 000501
strcpy@s                                      cstackCOMRAM 000507
strcpy@src                                    cstackCOMRAM 000503
strlen@a                                      cstackCOMRAM 000503
strlen@s                                      cstackCOMRAM 000501
strncmp@_l                                    cstackCOMRAM 000501
strncmp@_r                                    cstackCOMRAM 000503
strncmp@l                                     cstackCOMRAM 000508
strncmp@n                                     cstackCOMRAM 000505
strncmp@r                                     cstackCOMRAM 00050A
tolower@c                                     cstackCOMRAM 000507
toupper@c                                     cstackCOMRAM 000507
utoa@d                                        cstackCOMRAM 000520
utoa@fp                                       cstackCOMRAM 00051E
utoa@i                                        cstackCOMRAM 00053C
utoa@n                                        cstackCOMRAM 000534
utoa@p                                        cstackCOMRAM 000530
utoa@w                                        cstackCOMRAM 000532
vfpfcnvrt@ap                                  cstackCOMRAM 000550
vfpfcnvrt@c                                   cstackBANK5  0005B1
vfpfcnvrt@cp                                  cstackBANK5  000598
vfpfcnvrt@ct                                  cstackBANK5  0005AE
vfpfcnvrt@done                                cstackBANK5  00059A
vfpfcnvrt@f                                   cstackBANK5  0005AA
vfpfcnvrt@fmt                                 cstackCOMRAM 00054E
vfpfcnvrt@fp                                  cstackCOMRAM 00054C
vfpfcnvrt@llu                                 cstackBANK5  0005A2
vfprintf@ap                                   cstackBANK5  0005B6
vfprintf@cfmt                                 cstackCOMRAM 000556
vfprintf@fmt                                  cstackBANK5  0005B4
vfprintf@fp                                   cstackBANK5  0005B2
xtoa@c                                        cstackCOMRAM 000543
xtoa@d                                        cstackCOMRAM 000520
xtoa@fp                                       cstackCOMRAM 00051E
xtoa@i                                        cstackCOMRAM 000541
xtoa@n                                        cstackCOMRAM 000539
xtoa@p                                        cstackCOMRAM 000535
xtoa@w                                        cstackCOMRAM 000537
xtoa@x                                        cstackCOMRAM 000528


MODULE INFORMATION

Module		Function		Class		Link	Load	Size
C:\Program Files\Microchip\xc8\v2.32\pic\sources\c99\common\nf_sprintf.c
		_sprintf       		CODE           	6462	0000	82

C:\Program Files\Microchip\xc8\v2.32\pic\sources\c99\common\nf_sprintf.c estimated size: 82

C:\Program Files\Microchip\xc8\v2.32\pic\sources\c99\common\awdiv.c
		___awdiv       		CODE           	5D64	0000	196

C:\Program Files\Microchip\xc8\v2.32\pic\sources\c99\common\awdiv.c estimated size: 196

C:\Program Files\Microchip\xc8\v2.32\pic\sources\c99\common\isdigit.c
		_isdigit       		CODE           	673C	0000	56

C:\Program Files\Microchip\xc8\v2.32\pic\sources\c99\common\isdigit.c estimated size: 56

C:\Program Files\Microchip\xc8\v2.32\pic\sources\c99\common\sprcadd.c
		___flsub       		CODE           	6552	0000	70
		___fladd       		CODE           	3C80	0000	1216

C:\Program Files\Microchip\xc8\v2.32\pic\sources\c99\common\sprcadd.c estimated size: 1286

C:\Program Files\Microchip\xc8\v2.32\pic\sources\c99\common\doprnt.c
		_vfpfcnvrt     		CODE           	32C0	0000	2496
		_efgtoa        		CODE           	2664	0000	3164
		_pad           		CODE           	5C9E	0000	198
		_vfprintf      		CODE           	6226	0000	106
		_stoa          		CODE           	5388	0000	394
		_utoa          		CODE           	4E18	0000	516
		_xtoa          		CODE           	4928	0000	734

C:\Program Files\Microchip\xc8\v2.32\pic\sources\c99\common\doprnt.c estimated size: 7608

C:\Program Files\Microchip\xc8\v2.32\pic\sources\c99\common\flneg.c
		___flneg       		CODE           	6704	0000	56

C:\Program Files\Microchip\xc8\v2.32\pic\sources\c99\common\flneg.c estimated size: 56

mcc_generated_files/interrupt_manager.c
		_INTERRUPT_Initialize		CODE           	6980	0000	4
		_INTERRUPT_InterruptManager		CODE           	6410	0000	82

mcc_generated_files/interrupt_manager.c estimated size: 86

mcc_generated_files/tmr0.c
		_TMR0_SetInterruptHandler		CODE           	6960	0000	14
		_TMR0_DefaultInterruptHandler		CODE           	6984	0000	2
		_TMR0_ISR      		CODE           	65DC	0000	66
		_TMR0_Initialize		CODE           	6774	0000	54

mcc_generated_files/tmr0.c estimated size: 136

C:\Program Files\Microchip\xc8\v2.32\pic\sources\c99\common\lomod.c
		___lomod       		CODE           	5BCE	0000	208

C:\Program Files\Microchip\xc8\v2.32\pic\sources\c99\common\lomod.c estimated size: 208

mcc_generated_files/pin_manager.c
		_PIN_MANAGER_Initialize		CODE           	5E28	0000	184

mcc_generated_files/pin_manager.c estimated size: 184

C:\Program Files\Microchip\xc8\v2.32\pic\sources\c99\common\atoi.c
		_atoi          		CODE           	501C	0000	440

C:\Program Files\Microchip\xc8\v2.32\pic\sources\c99\common\atoi.c estimated size: 440

C:\Program Files\Microchip\xc8\v2.32\pic\sources\c99\common\nf_fputs.c
		_fputs         		CODE           	6598	0000	68

C:\Program Files\Microchip\xc8\v2.32\pic\sources\c99\common\nf_fputs.c estimated size: 68

C:\Program Files\Microchip\xc8\v2.32\pic\sources\c99\common\fleq.c
		___fleq        		CODE           	5F90	0000	170

C:\Program Files\Microchip\xc8\v2.32\pic\sources\c99\common\fleq.c estimated size: 170

C:\Program Files\Microchip\xc8\v2.32\pic\sources\c99\common\__fpclassifyf.c
		___fpclassifyf 		CODE           	571C	0000	254

C:\Program Files\Microchip\xc8\v2.32\pic\sources\c99\common\__fpclassifyf.c estimated size: 254

mcc_generated_files/uart5.c
		_UART5_SetOverrunErrorHandler		CODE           	690C	0000	14
		_putch         		CODE           	696E	0000	10
		_UART5_Initialize		CODE           	61B6	0000	112
		_UART5_SetErrorHandler		CODE           	6928	0000	14
		_UART5_Write   		CODE           	68F4	0000	24
		_UART5_SetFramingErrorHandler		CODE           	691A	0000	14

mcc_generated_files/uart5.c estimated size: 188

C:\Program Files\Microchip\xc8\v2.32\pic\sources\c99\common\isupper.c
		_isupper       		CODE           	66CC	0000	56

C:\Program Files\Microchip\xc8\v2.32\pic\sources\c99\common\isupper.c estimated size: 56

C:\Program Files\Microchip\xc8\v2.32\pic\sources\c99\common\Umul16.c
		___wmul        		CODE           	6806	0000	42

C:\Program Files\Microchip\xc8\v2.32\pic\sources\c99\common\Umul16.c estimated size: 42

C:\Program Files\Microchip\xc8\v2.32\pic\sources\c99\common\isspace.c
		_isspace       		CODE           	64B4	0000	82

C:\Program Files\Microchip\xc8\v2.32\pic\sources\c99\common\isspace.c estimated size: 82

mcc_generated_files/uart1.c
		_UART1_Write   		CODE           	68DC	0000	24
		_UART1_SetFramingErrorHandler		CODE           	6944	0000	14
		_UART1_SetOverrunErrorHandler		CODE           	6936	0000	14
		_UART1_Initialize		CODE           	613A	0000	124
		_UART1_SetErrorHandler		CODE           	6952	0000	14
		_UART1_is_tx_ready		CODE           	67DC	0000	42

mcc_generated_files/uart1.c estimated size: 232

C:\Program Files\Microchip\xc8\v2.32\pic\sources\c99\common\islower.c
		_islower       		CODE           	6694	0000	56

C:\Program Files\Microchip\xc8\v2.32\pic\sources\c99\common\islower.c estimated size: 56

C:\Program Files\Microchip\xc8\v2.32\pic\sources\c99\common\lodiv.c
		___lodiv       		CODE           	5A06	0000	240

C:\Program Files\Microchip\xc8\v2.32\pic\sources\c99\common\lodiv.c estimated size: 240

C:\Program Files\Microchip\xc8\v2.32\pic\sources\c99\common\strncmp.c
		_strncmp       		CODE           	581A	0000	250

C:\Program Files\Microchip\xc8\v2.32\pic\sources\c99\common\strncmp.c estimated size: 250

C:\Program Files\Microchip\xc8\v2.32\pic\sources\c99\common\tolower.c
		_tolower       		CODE           	62F6	0000	96

C:\Program Files\Microchip\xc8\v2.32\pic\sources\c99\common\tolower.c estimated size: 96

shared
		__initialization		CODE           	6506	0000	70

shared estimated size: 70

C:\Program Files\Microchip\xc8\v2.32\pic\sources\c99\common\sprcmul.c
		___flmul       		CODE           	4140	0000	1102

C:\Program Files\Microchip\xc8\v2.32\pic\sources\c99\common\sprcmul.c estimated size: 1102

C:\Program Files\Microchip\xc8\v2.32\pic\sources\c99\common\awmod.c
		___awmod       		CODE           	5EE0	0000	176

C:\Program Files\Microchip\xc8\v2.32\pic\sources\c99\common\awmod.c estimated size: 176

mcc_generated_files/mcc.c
		_PMD_Initialize		CODE           	6858	0000	36
		_OSCILLATOR_Initialize		CODE           	68C0	0000	28
		_SYSTEM_Initialize		CODE           	689E	0000	34

mcc_generated_files/mcc.c estimated size: 98

C:\Program Files\Microchip\xc8\v2.32\pic\sources\c99\common\sprcdiv.c
		___fldiv       		CODE           	458E	0000	922

C:\Program Files\Microchip\xc8\v2.32\pic\sources\c99\common\sprcdiv.c estimated size: 922

C:\Program Files\Microchip\xc8\v2.32\pic\sources\c99\common\toupper.c
		_toupper       		CODE           	6356	0000	94

C:\Program Files\Microchip\xc8\v2.32\pic\sources\c99\common\toupper.c estimated size: 94

C:\Program Files\Microchip\xc8\v2.32\pic\sources\c99\common\isalpha.c
		_isalpha       		CODE           	661E	0000	60

C:\Program Files\Microchip\xc8\v2.32\pic\sources\c99\common\isalpha.c estimated size: 60

C:\Program Files\Microchip\xc8\v2.32\pic\sources\c99\common\fltol.c
		___fltol       		CODE           	5512	0000	262

C:\Program Files\Microchip\xc8\v2.32\pic\sources\c99\common\fltol.c estimated size: 262

C:\Program Files\Microchip\xc8\v2.32\pic\sources\c99\common\xxtofl.c
		___xxtofl      		CODE           	51D4	0000	436

C:\Program Files\Microchip\xc8\v2.32\pic\sources\c99\common\xxtofl.c estimated size: 436

mcc_generated_files/adcc.c
		_ADCC_GetSingleConversion		CODE           	67AA	0000	50
		_ADCC_Initialize		CODE           	63B4	0000	92

mcc_generated_files/adcc.c estimated size: 142

C:\Program Files\Microchip\xc8\v2.32\pic\sources\c99\common\printf.c
		_printf        		CODE           	6830	0000	40

C:\Program Files\Microchip\xc8\v2.32\pic\sources\c99\common\printf.c estimated size: 40

C:\Program Files\Microchip\xc8\v2.32\pic\sources\c99\common\nf_fputc.c
		_fputc         		CODE           	5AF6	0000	216

C:\Program Files\Microchip\xc8\v2.32\pic\sources\c99\common\nf_fputc.c estimated size: 216

main.c
		_send_data     		CODE           	603A	0000	130
		_send_AT       		CODE           	60BC	0000	126
		_main          		CODE           	687C	0000	34
		_sensor_interrupt		CODE           	5914	0000	242

main.c estimated size: 532

C:\Program Files\Microchip\xc8\v2.32\pic\sources\c99\common\strlen.c
		_strlen        		CODE           	665A	0000	58

C:\Program Files\Microchip\xc8\v2.32\pic\sources\c99\common\strlen.c estimated size: 58

C:\Program Files\Microchip\xc8\v2.32\pic\sources\c99\common\flge.c
		___flge        		CODE           	5618	0000	260

C:\Program Files\Microchip\xc8\v2.32\pic\sources\c99\common\flge.c estimated size: 260

C:\Program Files\Microchip\xc8\v2.32\pic\sources\c99\common\floorf.c
		_floorf        		CODE           	4C06	0000	530

C:\Program Files\Microchip\xc8\v2.32\pic\sources\c99\common\floorf.c estimated size: 530

C:\Program Files\Microchip\xc8\v2.32\pic\sources\c99\common\strcpy.c
		_strcpy        		CODE           	6290	0000	102

C:\Program Files\Microchip\xc8\v2.32\pic\sources\c99\common\strcpy.c estimated size: 102

