Microchip MPLAB XC8 Compiler V2.32

Linker command line:

-W-3 --edf=C:\Program Files\Microchip\xc8\v2.32\pic\dat\en_msgs.txt -cn \
  -h+dist/default/debug\HIGROMETRO_IOT.X.debug.sym \
  --cmf=dist/default/debug\HIGROMETRO_IOT.X.debug.cmf -z -Q18F57Q43 \
  -oC:\Users\sadel\AppData\Local\Temp\xcAs3ho.4 --defsym=__MPLAB_BUILD=1 \
  -Mdist/default/debug/HIGROMETRO_IOT.X.debug.map -E1 -ver=XC8 Compiler \
  --acfsm=1493 -ASTACK=0650h-025FFh -pstack=STACK -ACODE=00h-01FFFFh \
  -ACONST=00h-01FFFFh -ASMALLCONST=02600h-026FFhx474 \
  -AMEDIUMCONST=02600h-0FFFFh,012600h-01FFFFh -ACOMRAM=0501h-055Fh \
  -AABS1=0500h-025FFh -ABIGRAM=0501h-025FFh \
  -ARAM=0560h-05FFh,0600h-06FFhx32 -ABANK5=0560h-05FFh -ABANK6=0600h-06FFh \
  -ABANK7=0700h-07FFh -ABANK8=0800h-08FFh -ABANK9=0900h-09FFh \
  -ABANK10=0A00h-0AFFh -ABANK11=0B00h-0BFFh -ABANK12=0C00h-0CFFh \
  -ABANK13=0D00h-0DFFh -ABANK14=0E00h-0EFFh -ABANK15=0F00h-0FFFh \
  -ABANK16=01000h-010FFh -ABANK17=01100h-011FFh -ABANK18=01200h-012FFh \
  -ABANK19=01300h-013FFh -ABANK20=01400h-014FFh -ABANK21=01500h-015FFh \
  -ABANK22=01600h-016FFh -ABANK23=01700h-017FFh -ABANK24=01800h-018FFh \
  -ABANK25=01900h-019FFh -ABANK26=01A00h-01AFFh -ABANK27=01B00h-01BFFh \
  -ABANK28=01C00h-01CFFh -ABANK29=01D00h-01DFFh -ABANK30=01E00h-01EFFh \
  -ABANK31=01F00h-01FFFh -ABANK32=02000h-020FFh -ABANK33=02100h-021FFh \
  -ABANK34=02200h-022FFh -ABANK35=02300h-023FFh -ABANK36=02400h-024FFh \
  -ABANK37=02500h-025FFh -ASFR=00h-0FFhx4,0400h-045Fh,0460h-04FFh \
  -ACONFIG=0300000h-0300011h -AIDLOC=0200000h-020001Fh \
  -AEEDATA=0380000h-03803FFh -peeprom_data=EEDATA -preset_vec=00h \
  -ppowerup=CODE,init -pramtop=02600h -psmallconst=SMALLCONST \
  -pmediumconst=MEDIUMCONST -pconst=CONST -AFARRAM=00h-00h \
  -prdata=COMRAM,nvrram=COMRAM,nvbit=COMRAM,rbss=COMRAM,rbit=COMRAM \
  -pfarbss=FARRAM,fardata=FARRAM,nvFARRAM=FARRAM \
  -pintsave_regs=BIGRAM,bigbss=BIGRAM,bigdata=BIGRAM -pbss=RAM \
  -pidata=CODE,irdata=CODE,ibigdata=CODE,ifardata=CODE -prparam=COMRAM \
  C:\Users\sadel\AppData\Local\Temp\xcAs3ho.o \
  dist/default/debug\HIGROMETRO_IOT.X.debug.o 

Object code version is 3.11

Machine type is 18F57Q43



                Name                               Link     Load   Length Selector   Space Scale
C:\Users\sadel\AppData\Local\Temp\xcAs3ho.o
                idloc                            200000   200000       20        0       5
                config                           300000   300000        A        0       4
                init                              1FFFC    1FFFC        4     FFFE       0
                reset_vec                             0        0        4        0       0
dist/default/debug\HIGROMETRO_IOT.X.debug.o
                idloc                            200000   200000       20        0       5
                config                           300000   300000        A        0       4
                smallconst                         2600     2600       46     1300       0
                text48                             58CC     58CC       32     1323       0
                text47                             5658     5658       5C     1323       0
                text46                             59BA     59BA       1C     1323       0
                text45                             51A0     51A0       B8     1323       0
                text44                             5978     5978       24     1323       0
                text43                             5A66     5A66        E     1323       0
                text42                             5A58     5A58        E     1323       0
                text41                             5A4A     5A4A        E     1323       0
                text40                             5448     5448       76     1323       0
                text39                             5A3C     5A3C        E     1323       0
                text38                             5A2E     5A2E        E     1323       0
                text37                             5A20     5A20        E     1323       0
                text36                             5528     5528       6A     1323       0
                text35                             59D6     59D6       1A     1323       0
                text34                             48E8     48E8      1B4     1323       0
                text33                             5928     5928       2A     1323       0
                text32                             5894     5894       38     1323       0
                text31                             570E     570E       52     1323       0
                text30                             4730     4730      1B8     1323       0
                text29                             50DC     50DC       C4     1323       0
                text28                             5258     5258       B0     1323       0
                text27                             4184     4184      39A     1323       0
                text26                             5308     5308       AA     1323       0
                text25                             4D1A     4D1A      104     1323       0
                text24                             3D36     3D36      44E     1323       0
                text23                             585C     585C       38     1323       0
                text22                             3876     3876      4C0     1323       0
                text21                             5760     5760       46     1323       0
                text20                             4C14     4C14      106     1323       0
                text19                             4E1E     4E1E       FE     1323       0
                text18                             451E     451E      212     1323       0
                text17                             5A08     5A08       18     1323       0
                text16                             5A74     5A74        A     1323       0
                text15                             53B2     53B2       96     1323       0
                text14                             57A6     57A6       44     1323       0
                text13                             57EA     57EA       3A     1323       0
                text12                             5016     5016       C6     1323       0
                text11                             5592     5592       66     1323       0
                text10                             5824     5824       38     1323       0
                text9                              55F8     55F8       60     1323       0
                text8                              2646     2646      CAA     1323       0
                text7                              4F1C     4F1C       FA     1323       0
                text6                              32F0     32F0      586     1323       0
                text5                              54BE     54BE       6A     1323       0
                text4                              5952     5952       26     1323       0
                text3                              59F0     59F0       18     1323       0
                text2                              58FE     58FE       2A     1323       0
                text1                              56B4     56B4       5A     1323       0
                text0                              4A9C     4A9C      178     1323       0
                cstackCOMRAM                        501      501       5F      501       1
                cstackBANK5                         560      560       52      560       1
                bssBANK6                            600      600       50      600       1
                bssBANK5                            5C4      5C4       12      560       1
                cinit                              599C     599C       1E     1323       0
                nvBANK5                             5B2      5B2       12      560       1

TOTAL           Name                               Link     Load   Length     Space
        CLASS   STACK          

        CLASS   CODE           
                init                              1FFFC    1FFFC        4         0
                reset_vec                             0        0        4         0
                text48                             58CC     58CC       32         0
                text47                             5658     5658       5C         0
                text46                             59BA     59BA       1C         0
                text45                             51A0     51A0       B8         0
                text44                             5978     5978       24         0
                text43                             5A66     5A66        E         0
                text42                             5A58     5A58        E         0
                text41                             5A4A     5A4A        E         0
                text40                             5448     5448       76         0
                text39                             5A3C     5A3C        E         0
                text38                             5A2E     5A2E        E         0
                text37                             5A20     5A20        E         0
                text36                             5528     5528       6A         0
                text35                             59D6     59D6       1A         0
                text34                             48E8     48E8      1B4         0
                text33                             5928     5928       2A         0
                text32                             5894     5894       38         0
                text31                             570E     570E       52         0
                text30                             4730     4730      1B8         0
                text29                             50DC     50DC       C4         0
                text28                             5258     5258       B0         0
                text27                             4184     4184      39A         0
                text26                             5308     5308       AA         0
                text25                             4D1A     4D1A      104         0
                text24                             3D36     3D36      44E         0
                text23                             585C     585C       38         0
                text22                             3876     3876      4C0         0
                text21                             5760     5760       46         0
                text20                             4C14     4C14      106         0
                text19                             4E1E     4E1E       FE         0
                text18                             451E     451E      212         0
                text17                             5A08     5A08       18         0
                text16                             5A74     5A74        A         0
                text15                             53B2     53B2       96         0
                text14                             57A6     57A6       44         0
                text13                             57EA     57EA       3A         0
                text12                             5016     5016       C6         0
                text11                             5592     5592       66         0
                text10                             5824     5824       38         0
                text9                              55F8     55F8       60         0
                text8                              2646     2646      CAA         0
                text7                              4F1C     4F1C       FA         0
                text6                              32F0     32F0      586         0
                text5                              54BE     54BE       6A         0
                text4                              5952     5952       26         0
                text3                              59F0     59F0       18         0
                text2                              58FE     58FE       2A         0
                text1                              56B4     56B4       5A         0
                text0                              4A9C     4A9C      178         0
                cinit                              599C     599C       1E         0

        CLASS   CONST          

        CLASS   SMALLCONST     
                smallconst                         2600     2600       46         0

        CLASS   MEDIUMCONST    

        CLASS   COMRAM         
                cstackCOMRAM                        501      501       5F         1

        CLASS   ABS1           

        CLASS   BIGRAM         

        CLASS   RAM            

        CLASS   BANK5          
                cstackBANK5                         560      560       52         1
                bssBANK5                            5C4      5C4       12         1
                nvBANK5                             5B2      5B2       12         1

        CLASS   BANK6          
                bssBANK6                            600      600       50         1

        CLASS   BANK7          

        CLASS   BANK8          

        CLASS   BANK9          

        CLASS   BANK10         

        CLASS   BANK11         

        CLASS   BANK12         

        CLASS   BANK13         

        CLASS   BANK14         

        CLASS   BANK15         

        CLASS   BANK16         

        CLASS   BANK17         

        CLASS   BANK18         

        CLASS   BANK19         

        CLASS   BANK20         

        CLASS   BANK21         

        CLASS   BANK22         

        CLASS   BANK23         

        CLASS   BANK24         

        CLASS   BANK25         

        CLASS   BANK26         

        CLASS   BANK27         

        CLASS   BANK28         

        CLASS   BANK29         

        CLASS   BANK30         

        CLASS   BANK31         

        CLASS   BANK32         

        CLASS   BANK33         

        CLASS   BANK34         

        CLASS   BANK35         

        CLASS   BANK36         

        CLASS   BANK37         

        CLASS   SFR            

        CLASS   CONFIG         
                config                           300000   300000        A         4

        CLASS   IDLOC          
                idloc                            200000   200000       20         5

        CLASS   EEDATA         

        CLASS   FARRAM         



SEGMENTS        Name                           Load    Length   Top    Selector   Space  Class

                reset_vec                      000000  000004  000004         0       0  CODE    
                cstackCOMRAM                   000501  00005F  000560       501       1  COMRAM  
                cstackBANK5                    000560  000076  0005D6       560       1  BANK5   
                bssBANK6                       000600  000050  000650       600       1  BANK6   
                smallconst                     002600  000046  002646      1300       0  SMALLCON
                text8                          002646  003438  005A7E      1323       0  CODE    
                init                           01FFFC  000004  020000      FFFE       0  CODE    


UNUSED ADDRESS RANGES

        Name                Unused          Largest block    Delta
        BANK10           000A00-000AFF              100
        BANK11           000B00-000BFF              100
        BANK12           000C00-000CFF              100
        BANK13           000D00-000DFF              100
        BANK14           000E00-000EFF              100
        BANK15           000F00-000FFF              100
        BANK16           001000-0010FF              100
        BANK17           001100-0011FF              100
        BANK18           001200-0012FF              100
        BANK19           001300-0013FF              100
        BANK20           001400-0014FF              100
        BANK21           001500-0015FF              100
        BANK22           001600-0016FF              100
        BANK23           001700-0017FF              100
        BANK24           001800-0018FF              100
        BANK25           001900-0019FF              100
        BANK26           001A00-001AFF              100
        BANK27           001B00-001BFF              100
        BANK28           001C00-001CFF              100
        BANK29           001D00-001DFF              100
        BANK30           001E00-001EFF              100
        BANK31           001F00-001FFF              100
        BANK32           002000-0020FF              100
        BANK33           002100-0021FF              100
        BANK34           002200-0022FF              100
        BANK35           002300-0023FF              100
        BANK36           002400-0024FF              100
        BANK37           002500-0025FF              100
        BANK5            0005D6-0005FF               2A
        BANK6            000650-0006FF               B0
        BANK7            000700-0007FF              100
        BANK8            000800-0008FF              100
        BANK9            000900-0009FF              100
        BIGRAM           0005D6-0005FF               2A
                         000650-0025FF             1FB0
        CODE             000004-0025FF             25FC
                         005A7E-01FFFB            1A57E
        CONFIG           30000A-300011                8
        CONST            000004-0025FF             25FC
                         005A7E-01FFFB            1A57E
        EEDATA           380000-3803FF              400
        MEDIUMCONST      005A7E-00FFFF             A582
                         012600-01FFFB             D9FC
        RAM              0005D6-0005FF               2A
                         000650-0025FF              100
        SFR              000000-0004FF              100
        SMALLCONST       005A7E-01FFFB              100
        STACK            000650-0025FF             1FB0

                                  Symbol Table

?_ADCC_GetSingleConversion                    cstackCOMRAM 000501
?___awdiv                                     cstackCOMRAM 000501
?___awmod                                     cstackCOMRAM 000501
?___fladd                                     cstackCOMRAM 000528
?___fldiv                                     cstackCOMRAM 000501
?___flmul                                     cstackCOMRAM 00050F
?___flneg                                     cstackCOMRAM 000501
?___flsub                                     cstackCOMRAM 000538
?___fltol                                     cstackCOMRAM 000501
?___fpclassifyf                               cstackCOMRAM 000501
?___wmul                                      cstackCOMRAM 000501
?___xxtofl                                    cstackCOMRAM 000501
?_atoi                                        cstackCOMRAM 000508
?_efgtoa                                      cstackCOMRAM 000540
?_floorf                                      cstackCOMRAM 00051A
?_isdigit                                     cstackCOMRAM 000501
?_isspace                                     cstackCOMRAM 000501
?_isupper                                     cstackCOMRAM 000501
?_pad                                         cstackCOMRAM 000513
?_printf                                      cstackBANK5  0005A4
?_strlen                                      cstackCOMRAM 000501
?_strncmp                                     cstackCOMRAM 000501
?_tolower                                     cstackCOMRAM 000507
?_vfpfcnvrt                                   cstackCOMRAM 00054C
?_vfprintf                                    cstackCOMRAM 000556
ADCC_GetSingleConversion@channel              cstackCOMRAM 000505
UART1_SetErrorHandler@interruptHandler        cstackCOMRAM 000501
UART1_SetFramingErrorHandler@interruptHandler cstackCOMRAM 000501
UART1_SetOverrunErrorHandler@interruptHandler cstackCOMRAM 000501
UART1_Write@txData                            cstackCOMRAM 000501
UART5_SetErrorHandler@interruptHandler        cstackCOMRAM 000501
UART5_SetFramingErrorHandler@interruptHandler cstackCOMRAM 000501
UART5_SetOverrunErrorHandler@interruptHandler cstackCOMRAM 000501
UART5_Write@txData                            cstackCOMRAM 000501
_ACTCON                                       (abs)        0000AC
_ADACCH                                       (abs)        0003E4
_ADACCL                                       (abs)        0003E3
_ADACCU                                       (abs)        0003E5
_ADACQH                                       (abs)        0003EF
_ADACQL                                       (abs)        0003EE
_ADACT                                        (abs)        0003F9
_ADCAP                                        (abs)        0003F0
_ADCC_GetSingleConversion                     text48       0058CC
_ADCC_Initialize                              text47       005658
_ADCLK                                        (abs)        0003FA
_ADCNT                                        (abs)        0003E6
_ADCON0                                       (abs)        0003F3
_ADCON0bits                                   (abs)        0003F3
_ADCON1                                       (abs)        0003F4
_ADCON1bits                                   (abs)        0003F4
_ADCON2                                       (abs)        0003F5
_ADCON2bits                                   (abs)        0003F5
_ADCON3                                       (abs)        0003F6
_ADCON3bits                                   (abs)        0003F6
_ADERRH                                       (abs)        0003DE
_ADERRL                                       (abs)        0003DD
_ADFLTRH                                      (abs)        0003E2
_ADFLTRL                                      (abs)        0003E1
_ADLTHH                                       (abs)        0003DA
_ADLTHL                                       (abs)        0003D9
_ADPCH                                        (abs)        0003EC
_ADPREH                                       (abs)        0003F2
_ADPREL                                       (abs)        0003F1
_ADPREVH                                      (abs)        0003E9
_ADPREVL                                      (abs)        0003E8
_ADREF                                        (abs)        0003F8
_ADRESH                                       (abs)        0003EB
_ADRESL                                       (abs)        0003EA
_ADRPT                                        (abs)        0003E7
_ADSTAT                                       (abs)        0003F7
_ADSTATbits                                   (abs)        0003F7
_ADSTPTH                                      (abs)        0003E0
_ADSTPTL                                      (abs)        0003DF
_ADUTHH                                       (abs)        0003DC
_ADUTHL                                       (abs)        0003DB
_ANSELA                                       (abs)        000400
_ANSELB                                       (abs)        000408
_ANSELC                                       (abs)        000410
_ANSELD                                       (abs)        000418
_ANSELE                                       (abs)        000420
_ANSELF                                       (abs)        000428
_INLVLA                                       (abs)        000404
_INLVLB                                       (abs)        00040C
_INLVLC                                       (abs)        000414
_INLVLD                                       (abs)        00041C
_INLVLE                                       (abs)        000424
_INLVLF                                       (abs)        00042C
_LATA                                         (abs)        0004BE
_LATB                                         (abs)        0004BF
_LATBbits                                     (abs)        0004BF
_LATC                                         (abs)        0004C0
_LATD                                         (abs)        0004C1
_LATE                                         (abs)        0004C2
_LATF                                         (abs)        0004C3
_ODCONA                                       (abs)        000402
_ODCONB                                       (abs)        00040A
_ODCONC                                       (abs)        000412
_ODCOND                                       (abs)        00041A
_ODCONE                                       (abs)        000422
_ODCONF                                       (abs)        00042A
_OSCCON1                                      (abs)        0000AD
_OSCCON3                                      (abs)        0000AF
_OSCEN                                        (abs)        0000B3
_OSCFRQ                                       (abs)        0000B1
_OSCILLATOR_Initialize                        text46       0059BA
_OSCTUNE                                      (abs)        0000B0
_PIN_MANAGER_Initialize                       text45       0051A0
_PIR13bits                                    (abs)        0004BB
_PIR4bits                                     (abs)        0004B2
_PMD0                                         (abs)        000060
_PMD1                                         (abs)        000061
_PMD3                                         (abs)        000063
_PMD4                                         (abs)        000064
_PMD5                                         (abs)        000065
_PMD6                                         (abs)        000066
_PMD7                                         (abs)        000067
_PMD8                                         (abs)        000068
_PMD_Initialize                               text44       005978
_RB1I2C                                       (abs)        000289
_RB2I2C                                       (abs)        000288
_RC2PPS                                       (abs)        000213
_RC3I2C                                       (abs)        000287
_RC4I2C                                       (abs)        000286
_RF0PPS                                       (abs)        000229
_SLRCONA                                      (abs)        000403
_SLRCONB                                      (abs)        00040B
_SLRCONC                                      (abs)        000413
_SLRCOND                                      (abs)        00041B
_SLRCONE                                      (abs)        000423
_SLRCONF                                      (abs)        00042B
_SYSTEM_Initialize                            text35       0059D6
_TRISA                                        (abs)        0004C6
_TRISB                                        (abs)        0004C7
_TRISC                                        (abs)        0004C8
_TRISD                                        (abs)        0004C9
_TRISE                                        (abs)        0004CA
_TRISF                                        (abs)        0004CB
_U1BRGH                                       (abs)        0002AF
_U1BRGL                                       (abs)        0002AE
_U1CON0                                       (abs)        0002AB
_U1CON0bits                                   (abs)        0002AB
_U1CON1                                       (abs)        0002AC
_U1CON2                                       (abs)        0002AD
_U1ERRIE                                      (abs)        0002B3
_U1ERRIR                                      (abs)        0002B2
_U1ERRIRbits                                  (abs)        0002B2
_U1FIFO                                       (abs)        0002B0
_U1P1H                                        (abs)        0002A6
_U1P1L                                        (abs)        0002A5
_U1P2H                                        (abs)        0002A8
_U1P2L                                        (abs)        0002A7
_U1P3H                                        (abs)        0002AA
_U1P3L                                        (abs)        0002A9
_U1RXB                                        (abs)        0002A1
_U1RXPPS                                      (abs)        000272
_U1TXB                                        (abs)        0002A3
_U1UIR                                        (abs)        0002B1
_U5BRGH                                       (abs)        0002FB
_U5BRGL                                       (abs)        0002FA
_U5CON0                                       (abs)        0002F7
_U5CON0bits                                   (abs)        0002F7
_U5CON1                                       (abs)        0002F8
_U5CON2                                       (abs)        0002F9
_U5ERRIE                                      (abs)        0002FF
_U5ERRIR                                      (abs)        0002FE
_U5ERRIRbits                                  (abs)        0002FE
_U5FIFO                                       (abs)        0002FC
_U5P1L                                        (abs)        0002F1
_U5P2L                                        (abs)        0002F3
_U5P3L                                        (abs)        0002F5
_U5RXB                                        (abs)        0002ED
_U5RXPPS                                      (abs)        00027A
_U5TXB                                        (abs)        0002EF
_U5UIR                                        (abs)        0002FD
_UART1_DefaultErrorHandler                    (abs)        000000
_UART1_DefaultFramingErrorHandler             (abs)        000000
_UART1_DefaultOverrunErrorHandler             (abs)        000000
_UART1_ErrorHandler                           nvBANK5      0005B2
_UART1_FramingErrorHandler                    nvBANK5      0005B8
_UART1_Initialize                             text40       005448
_UART1_OverrunErrorHandler                    nvBANK5      0005B5
_UART1_SetErrorHandler                        text43       005A66
_UART1_SetFramingErrorHandler                 text42       005A58
_UART1_SetOverrunErrorHandler                 text41       005A4A
_UART1_Write                                  text3        0059F0
_UART1_is_tx_ready                            text2        0058FE
_UART1_is_tx_ready$912                        cstackCOMRAM 000501
_UART5_DefaultErrorHandler                    (abs)        000000
_UART5_DefaultFramingErrorHandler             (abs)        000000
_UART5_DefaultOverrunErrorHandler             (abs)        000000
_UART5_ErrorHandler                           nvBANK5      0005BB
_UART5_FramingErrorHandler                    nvBANK5      0005C1
_UART5_Initialize                             text36       005528
_UART5_OverrunErrorHandler                    nvBANK5      0005BE
_UART5_SetErrorHandler                        text39       005A3C
_UART5_SetFramingErrorHandler                 text38       005A2E
_UART5_SetOverrunErrorHandler                 text37       005A20
_UART5_Write                                  text17       005A08
_WPUA                                         (abs)        000401
_WPUB                                         (abs)        000409
_WPUC                                         (abs)        000411
_WPUD                                         (abs)        000419
_WPUE                                         (abs)        000421
_WPUF                                         (abs)        000429
__HRAM                                        (abs)        000000
__Habs1                                       abs1         000000
__Hbank10                                     bank10       000000
__Hbank11                                     bank11       000000
__Hbank12                                     bank12       000000
__Hbank13                                     bank13       000000
__Hbank14                                     bank14       000000
__Hbank15                                     bank15       000000
__Hbank16                                     bank16       000000
__Hbank17                                     bank17       000000
__Hbank18                                     bank18       000000
__Hbank19                                     bank19       000000
__Hbank20                                     bank20       000000
__Hbank21                                     bank21       000000
__Hbank22                                     bank22       000000
__Hbank23                                     bank23       000000
__Hbank24                                     bank24       000000
__Hbank25                                     bank25       000000
__Hbank26                                     bank26       000000
__Hbank27                                     bank27       000000
__Hbank28                                     bank28       000000
__Hbank29                                     bank29       000000
__Hbank30                                     bank30       000000
__Hbank31                                     bank31       000000
__Hbank32                                     bank32       000000
__Hbank33                                     bank33       000000
__Hbank34                                     bank34       000000
__Hbank35                                     bank35       000000
__Hbank36                                     bank36       000000
__Hbank37                                     bank37       000000
__Hbank5                                      bank5        000000
__Hbank6                                      bank6        000000
__Hbank7                                      bank7        000000
__Hbank8                                      bank8        000000
__Hbank9                                      bank9        000000
__Hbigbss                                     bigbss       000000
__Hbigdata                                    bigdata      000000
__Hbigram                                     bigram       000000
__Hbss                                        bss          000000
__HbssBANK5                                   bssBANK5     000000
__HbssBANK6                                   bssBANK6     000000
__Hcinit                                      cinit        000000
__Hclrtext                                    clrtext      000000
__Hcomram                                     comram       000000
__Hconfig                                     config       30000A
__Hconst                                      const        000000
__HcstackBANK5                                cstackBANK5  000000
__HcstackCOMRAM                               cstackCOMRAM 000000
__Hdata                                       data         000000
__Heeprom_data                                eeprom_data  000000
__Hfarbss                                     farbss       000000
__Hfardata                                    fardata      000000
__Hibigdata                                   ibigdata     000000
__Hidata                                      idata        000000
__Hidloc                                      idloc        200020
__Hifardata                                   ifardata     000000
__Hinit                                       init         020000
__Hintsave_regs                               intsave_regs 000000
__Hirdata                                     irdata       000000
__Hmediumconst                                mediumconst  000000
__HnvBANK5                                    nvBANK5      000000
__HnvFARRAM                                   nvFARRAM     000000
__Hnvbit                                      nvbit        000000
__Hnvrram                                     nvrram       000000
__Hparam                                      rparam       000000
__Hpowerup                                    powerup      000000
__Hram                                        ram          000000
__Hramtop                                     ramtop       002600
__Hrbit                                       rbit         000000
__Hrbss                                       rbss         000000
__Hrdata                                      rdata        000000
__Hreset_vec                                  reset_vec    000004
__Hrparam                                     rparam       000000
__Hsfr                                        sfr          000000
__Hsmallconst                                 smallconst   002646
__Hspace_0                                    (abs)        020000
__Hspace_1                                    (abs)        000650
__Hspace_2                                    (abs)        000000
__Hspace_4                                    (abs)        60000A
__Hstack                                      stack        000000
__Hstruct                                     struct       000000
__Htemp                                       temp         000000
__Htext                                       text         000000
__Htext0                                      text0        000000
__Htext1                                      text1        000000
__Htext10                                     text10       000000
__Htext11                                     text11       000000
__Htext12                                     text12       000000
__Htext13                                     text13       000000
__Htext14                                     text14       000000
__Htext15                                     text15       000000
__Htext16                                     text16       000000
__Htext17                                     text17       000000
__Htext18                                     text18       000000
__Htext19                                     text19       000000
__Htext2                                      text2        000000
__Htext20                                     text20       000000
__Htext21                                     text21       000000
__Htext22                                     text22       000000
__Htext23                                     text23       000000
__Htext24                                     text24       000000
__Htext25                                     text25       000000
__Htext26                                     text26       000000
__Htext27                                     text27       000000
__Htext28                                     text28       000000
__Htext29                                     text29       000000
__Htext3                                      text3        000000
__Htext30                                     text30       000000
__Htext31                                     text31       000000
__Htext32                                     text32       000000
__Htext33                                     text33       000000
__Htext34                                     text34       000000
__Htext35                                     text35       000000
__Htext36                                     text36       000000
__Htext37                                     text37       000000
__Htext38                                     text38       000000
__Htext39                                     text39       000000
__Htext4                                      text4        000000
__Htext40                                     text40       000000
__Htext41                                     text41       000000
__Htext42                                     text42       000000
__Htext43                                     text43       000000
__Htext44                                     text44       000000
__Htext45                                     text45       000000
__Htext46                                     text46       000000
__Htext47                                     text47       000000
__Htext48                                     text48       000000
__Htext5                                      text5        000000
__Htext6                                      text6        000000
__Htext7                                      text7        000000
__Htext8                                      text8        000000
__Htext9                                      text9        000000
__LRAM                                        (abs)        000001
__Labs1                                       abs1         000000
__Lbank10                                     bank10       000000
__Lbank11                                     bank11       000000
__Lbank12                                     bank12       000000
__Lbank13                                     bank13       000000
__Lbank14                                     bank14       000000
__Lbank15                                     bank15       000000
__Lbank16                                     bank16       000000
__Lbank17                                     bank17       000000
__Lbank18                                     bank18       000000
__Lbank19                                     bank19       000000
__Lbank20                                     bank20       000000
__Lbank21                                     bank21       000000
__Lbank22                                     bank22       000000
__Lbank23                                     bank23       000000
__Lbank24                                     bank24       000000
__Lbank25                                     bank25       000000
__Lbank26                                     bank26       000000
__Lbank27                                     bank27       000000
__Lbank28                                     bank28       000000
__Lbank29                                     bank29       000000
__Lbank30                                     bank30       000000
__Lbank31                                     bank31       000000
__Lbank32                                     bank32       000000
__Lbank33                                     bank33       000000
__Lbank34                                     bank34       000000
__Lbank35                                     bank35       000000
__Lbank36                                     bank36       000000
__Lbank37                                     bank37       000000
__Lbank5                                      bank5        000000
__Lbank6                                      bank6        000000
__Lbank7                                      bank7        000000
__Lbank8                                      bank8        000000
__Lbank9                                      bank9        000000
__Lbigbss                                     bigbss       000000
__Lbigdata                                    bigdata      000000
__Lbigram                                     bigram       000000
__Lbss                                        bss          000000
__LbssBANK5                                   bssBANK5     000000
__LbssBANK6                                   bssBANK6     000000
__Lcinit                                      cinit        000000
__Lclrtext                                    clrtext      000000
__Lcomram                                     comram       000000
__Lconfig                                     config       000000
__Lconst                                      const        000000
__LcstackBANK5                                cstackBANK5  000000
__LcstackCOMRAM                               cstackCOMRAM 000000
__Ldata                                       data         000000
__Leeprom_data                                eeprom_data  000000
__Lfarbss                                     farbss       000000
__Lfardata                                    fardata      000000
__Libigdata                                   ibigdata     000000
__Lidata                                      idata        000000
__Lidloc                                      idloc        000000
__Lifardata                                   ifardata     000000
__Linit                                       init         01FFFC
__Lintsave_regs                               intsave_regs 000000
__Lirdata                                     irdata       000000
__Lmediumconst                                mediumconst  000000
__LnvBANK5                                    nvBANK5      000000
__LnvFARRAM                                   nvFARRAM     000000
__Lnvbit                                      nvbit        000000
__Lnvrram                                     nvrram       000000
__Lparam                                      rparam       000000
__Lpowerup                                    powerup      000000
__Lram                                        ram          000000
__Lramtop                                     ramtop       002600
__Lrbit                                       rbit         000000
__Lrbss                                       rbss         000000
__Lrdata                                      rdata        000000
__Lreset_vec                                  reset_vec    000000
__Lrparam                                     rparam       000000
__Lsfr                                        sfr          000000
__Lsmallconst                                 smallconst   002600
__Lspace_0                                    (abs)        000000
__Lspace_1                                    (abs)        000000
__Lspace_2                                    (abs)        000000
__Lspace_4                                    (abs)        000000
__Lstack                                      stack        000000
__Lstruct                                     struct       000000
__Ltemp                                       temp         000000
__Ltext                                       text         000000
__Ltext0                                      text0        000000
__Ltext1                                      text1        000000
__Ltext10                                     text10       000000
__Ltext11                                     text11       000000
__Ltext12                                     text12       000000
__Ltext13                                     text13       000000
__Ltext14                                     text14       000000
__Ltext15                                     text15       000000
__Ltext16                                     text16       000000
__Ltext17                                     text17       000000
__Ltext18                                     text18       000000
__Ltext19                                     text19       000000
__Ltext2                                      text2        000000
__Ltext20                                     text20       000000
__Ltext21                                     text21       000000
__Ltext22                                     text22       000000
__Ltext23                                     text23       000000
__Ltext24                                     text24       000000
__Ltext25                                     text25       000000
__Ltext26                                     text26       000000
__Ltext27                                     text27       000000
__Ltext28                                     text28       000000
__Ltext29                                     text29       000000
__Ltext3                                      text3        000000
__Ltext30                                     text30       000000
__Ltext31                                     text31       000000
__Ltext32                                     text32       000000
__Ltext33                                     text33       000000
__Ltext34                                     text34       000000
__Ltext35                                     text35       000000
__Ltext36                                     text36       000000
__Ltext37                                     text37       000000
__Ltext38                                     text38       000000
__Ltext39                                     text39       000000
__Ltext4                                      text4        000000
__Ltext40                                     text40       000000
__Ltext41                                     text41       000000
__Ltext42                                     text42       000000
__Ltext43                                     text43       000000
__Ltext44                                     text44       000000
__Ltext45                                     text45       000000
__Ltext46                                     text46       000000
__Ltext47                                     text47       000000
__Ltext48                                     text48       000000
__Ltext5                                      text5        000000
__Ltext6                                      text6        000000
__Ltext7                                      text7        000000
__Ltext8                                      text8        000000
__Ltext9                                      text9        000000
__S0                                          (abs)        020000
__S1                                          (abs)        000650
__S2                                          (abs)        000000
__S4                                          (abs)        000000
__S5                                          (abs)        000000
___awdiv                                      text29       0050DC
___awdiv@counter                              cstackCOMRAM 000505
___awdiv@dividend                             cstackCOMRAM 000501
___awdiv@divisor                              cstackCOMRAM 000503
___awdiv@quotient                             cstackCOMRAM 000507
___awdiv@sign                                 cstackCOMRAM 000506
___awmod                                      text28       005258
___awmod@counter                              cstackCOMRAM 000505
___awmod@dividend                             cstackCOMRAM 000501
___awmod@divisor                              cstackCOMRAM 000503
___awmod@sign                                 cstackCOMRAM 000506
___fladd                                      text22       003876
___fladd@a                                    cstackCOMRAM 00052C
___fladd@aexp                                 cstackCOMRAM 000535
___fladd@b                                    cstackCOMRAM 000528
___fladd@bexp                                 cstackCOMRAM 000536
___fladd@grs                                  cstackCOMRAM 000537
___fladd@signs                                cstackCOMRAM 000534
___fldiv                                      text27       004184
___fldiv@a                                    cstackCOMRAM 000505
___fldiv@aexp                                 cstackCOMRAM 000519
___fldiv@b                                    cstackCOMRAM 000501
___fldiv@bexp                                 cstackCOMRAM 000518
___fldiv@grs                                  cstackCOMRAM 000514
___fldiv@new_exp                              cstackCOMRAM 000512
___fldiv@rem                                  cstackCOMRAM 00050D
___fldiv@sign                                 cstackCOMRAM 000511
___fleq                                       text26       005308
___fleq@ff1                                   cstackCOMRAM 000501
___fleq@ff2                                   cstackCOMRAM 000505
___flge                                       text25       004D1A
___flge@ff1                                   cstackCOMRAM 000528
___flge@ff2                                   cstackCOMRAM 00052C
___flmul                                      text24       003D36
___flmul@a                                    cstackCOMRAM 000513
___flmul@aexp                                 cstackCOMRAM 000520
___flmul@b                                    cstackCOMRAM 00050F
___flmul@bexp                                 cstackCOMRAM 000521
___flmul@grs                                  cstackCOMRAM 00051C
___flmul@prod                                 cstackCOMRAM 000522
___flmul@sign                                 cstackCOMRAM 00051B
___flmul@temp                                 cstackCOMRAM 000526
___flneg                                      text23       00585C
___flneg@f1                                   cstackCOMRAM 000501
___flsub                                      text21       005760
___flsub@a                                    cstackCOMRAM 00053C
___flsub@b                                    cstackCOMRAM 000538
___fltol                                      text20       004C14
___fltol@exp1                                 cstackCOMRAM 00050A
___fltol@f1                                   cstackCOMRAM 000501
___fltol@sign1                                cstackCOMRAM 000509
___fpclassifyf                                text19       004E1E
___fpclassifyf@F465                           bssBANK5     0005C8
___fpclassifyf@e                              cstackCOMRAM 000509
___fpclassifyf@u                              cstackCOMRAM 00050B
___fpclassifyf@x                              cstackCOMRAM 000501
___inthi_sp                                   stack        000000
___intlo_sp                                   stack        000000
___param_bank                                 (abs)        000000
___rparam_used                                (abs)        000001
___sp                                         stack        000000
___wmul                                       text33       005928
___wmul@multiplicand                          cstackCOMRAM 000503
___wmul@multiplier                            cstackCOMRAM 000501
___wmul@product                               cstackCOMRAM 000505
___xxtofl                                     text34       0048E8
___xxtofl@arg                                 cstackCOMRAM 00050B
___xxtofl@exp                                 cstackCOMRAM 00050A
___xxtofl@sign                                cstackCOMRAM 000509
___xxtofl@val                                 cstackCOMRAM 000501
__accesstop                                   (abs)        000560
__activetblptr                                (abs)        000003
__end_of_ADCC_GetSingleConversion             text48       0058FE
__end_of_ADCC_Initialize                      text47       0056B4
__end_of_OSCILLATOR_Initialize                text46       0059D6
__end_of_PIN_MANAGER_Initialize               text45       005258
__end_of_PMD_Initialize                       text44       00599C
__end_of_SYSTEM_Initialize                    text35       0059F0
__end_of_UART1_Initialize                     text40       0054BE
__end_of_UART1_SetErrorHandler                text43       005A74
__end_of_UART1_SetFramingErrorHandler         text42       005A66
__end_of_UART1_SetOverrunErrorHandler         text41       005A58
__end_of_UART1_Write                          text3        005A08
__end_of_UART1_is_tx_ready                    text2        005928
__end_of_UART5_Initialize                     text36       005592
__end_of_UART5_SetErrorHandler                text39       005A4A
__end_of_UART5_SetFramingErrorHandler         text38       005A3C
__end_of_UART5_SetOverrunErrorHandler         text37       005A2E
__end_of_UART5_Write                          text17       005A20
__end_of___awdiv                              text29       0051A0
__end_of___awmod                              text28       005308
__end_of___fladd                              text22       003D36
__end_of___fldiv                              text27       00451E
__end_of___fleq                               text26       0053B2
__end_of___flge                               text25       004E1E
__end_of___flmul                              text24       004184
__end_of___flneg                              text23       005894
__end_of___flsub                              text21       0057A6
__end_of___fltol                              text20       004D1A
__end_of___fpclassifyf                        text19       004F1C
__end_of___wmul                               text33       005952
__end_of___xxtofl                             text34       004A9C
__end_of__initialization                      cinit        0059B4
__end_of_atoi                                 text30       0048E8
__end_of_efgtoa                               text8        0032F0
__end_of_floorf                               text18       004730
__end_of_fputc                                text15       005448
__end_of_fputs                                text14       0057EA
__end_of_isdigit                              text32       0058CC
__end_of_isspace                              text31       005760
__end_of_isupper                              text10       00585C
__end_of_main                                 text0        004C14
__end_of_pad                                  text12       0050DC
__end_of_printf                               text4        005978
__end_of_putch                                text16       005A7E
__end_of_send_AT                              text1        00570E
__end_of_strcpy                               text11       0055F8
__end_of_strlen                               text13       005824
__end_of_strncmp                              text7        005016
__end_of_tolower                              text9        005658
__end_of_vfpfcnvrt                            text6        003876
__end_of_vfprintf                             text5        005528
__initialization                              cinit        00599C
__mediumconst                                 mediumconst  000000
__pbssBANK5                                   bssBANK5     0005C4
__pbssBANK6                                   bssBANK6     000600
__pcinit                                      cinit        00599C
__pcstackBANK5                                cstackBANK5  000560
__pcstackCOMRAM                               cstackCOMRAM 000501
__pnvBANK5                                    nvBANK5      0005B2
__psmallconst                                 smallconst   002600
__ptext0                                      text0        004A9C
__ptext1                                      text1        0056B4
__ptext10                                     text10       005824
__ptext11                                     text11       005592
__ptext12                                     text12       005016
__ptext13                                     text13       0057EA
__ptext14                                     text14       0057A6
__ptext15                                     text15       0053B2
__ptext16                                     text16       005A74
__ptext17                                     text17       005A08
__ptext18                                     text18       00451E
__ptext19                                     text19       004E1E
__ptext2                                      text2        0058FE
__ptext20                                     text20       004C14
__ptext21                                     text21       005760
__ptext22                                     text22       003876
__ptext23                                     text23       00585C
__ptext24                                     text24       003D36
__ptext25                                     text25       004D1A
__ptext26                                     text26       005308
__ptext27                                     text27       004184
__ptext28                                     text28       005258
__ptext29                                     text29       0050DC
__ptext3                                      text3        0059F0
__ptext30                                     text30       004730
__ptext31                                     text31       00570E
__ptext32                                     text32       005894
__ptext33                                     text33       005928
__ptext34                                     text34       0048E8
__ptext35                                     text35       0059D6
__ptext36                                     text36       005528
__ptext37                                     text37       005A20
__ptext38                                     text38       005A2E
__ptext39                                     text39       005A3C
__ptext4                                      text4        005952
__ptext40                                     text40       005448
__ptext41                                     text41       005A4A
__ptext42                                     text42       005A58
__ptext43                                     text43       005A66
__ptext44                                     text44       005978
__ptext45                                     text45       0051A0
__ptext46                                     text46       0059BA
__ptext47                                     text47       005658
__ptext48                                     text48       0058CC
__ptext5                                      text5        0054BE
__ptext6                                      text6        0032F0
__ptext7                                      text7        004F1C
__ptext8                                      text8        002646
__ptext9                                      text9        0055F8
__ramtop                                      ramtop       002600
__size_of_ADCC_GetSingleConversion            (abs)        000000
__size_of_ADCC_Initialize                     (abs)        000000
__size_of_OSCILLATOR_Initialize               (abs)        000000
__size_of_PIN_MANAGER_Initialize              (abs)        000000
__size_of_PMD_Initialize                      (abs)        000000
__size_of_SYSTEM_Initialize                   (abs)        000000
__size_of_UART1_Initialize                    (abs)        000000
__size_of_UART1_SetErrorHandler               (abs)        000000
__size_of_UART1_SetFramingErrorHandler        (abs)        000000
__size_of_UART1_SetOverrunErrorHandler        (abs)        000000
__size_of_UART1_Write                         (abs)        000000
__size_of_UART1_is_tx_ready                   (abs)        000000
__size_of_UART5_Initialize                    (abs)        000000
__size_of_UART5_SetErrorHandler               (abs)        000000
__size_of_UART5_SetFramingErrorHandler        (abs)        000000
__size_of_UART5_SetOverrunErrorHandler        (abs)        000000
__size_of_UART5_Write                         (abs)        000000
__size_of___awdiv                             (abs)        000000
__size_of___awmod                             (abs)        000000
__size_of___fladd                             (abs)        000000
__size_of___fldiv                             (abs)        000000
__size_of___fleq                              (abs)        000000
__size_of___flge                              (abs)        000000
__size_of___flmul                             (abs)        000000
__size_of___flneg                             (abs)        000000
__size_of___flsub                             (abs)        000000
__size_of___fltol                             (abs)        000000
__size_of___fpclassifyf                       (abs)        000000
__size_of___wmul                              (abs)        000000
__size_of___xxtofl                            (abs)        000000
__size_of_atoi                                (abs)        000000
__size_of_efgtoa                              (abs)        000000
__size_of_floorf                              (abs)        000000
__size_of_fputc                               (abs)        000000
__size_of_fputs                               (abs)        000000
__size_of_isdigit                             (abs)        000000
__size_of_isspace                             (abs)        000000
__size_of_isupper                             (abs)        000000
__size_of_main                                (abs)        000000
__size_of_pad                                 (abs)        000000
__size_of_printf                              (abs)        000000
__size_of_putch                               (abs)        000000
__size_of_send_AT                             (abs)        000000
__size_of_strcpy                              (abs)        000000
__size_of_strlen                              (abs)        000000
__size_of_strncmp                             (abs)        000000
__size_of_tolower                             (abs)        000000
__size_of_vfpfcnvrt                           (abs)        000000
__size_of_vfprintf                            (abs)        000000
__smallconst                                  smallconst   002600
_atoi                                         text30       004730
_atoi$1636                                    cstackCOMRAM 000510
_atoi$1637                                    cstackCOMRAM 000514
_atoi$1638                                    cstackCOMRAM 000512
_dbuf                                         bssBANK6     000600
_efgtoa                                       text8        002646
_efgtoa$1572                                  cstackBANK5  000560
_efgtoa$1573                                  cstackBANK5  000562
_efgtoa$1578                                  cstackBANK5  000564
_efgtoa$1582                                  cstackBANK5  000566
_efgtoa$1583                                  cstackBANK5  000568
_efgtoa$1584                                  cstackBANK5  00056A
_flags                                        bssBANK5     0005D2
_floorf                                       text18       00451E
_fputc                                        text15       0053B2
_fputs                                        text14       0057A6
_isdigit                                      text32       005894
_isspace                                      text31       00570E
_isspace$1667                                 cstackCOMRAM 000507
_isupper                                      text10       005824
_main                                         text0        004A9C
_nout                                         bssBANK5     0005CC
_pad                                          text12       005016
_prec                                         bssBANK5     0005D0
_printf                                       text4        005952
_putch                                        text16       005A74
_send_AT                                      text1        0056B4
_strcpy                                       text11       005592
_strlen                                       text13       0057EA
_strncmp                                      text7        004F1C
_tolower                                      text9        0055F8
_tolower$1725                                 cstackCOMRAM 00050D
_uart1RxLastError                             bssBANK5     0005D4
_uart5RxLastError                             bssBANK5     0005D5
_vfpfcnvrt                                    text6        0032F0
_vfpfcnvrt$1598                               cstackBANK5  000598
_vfpfcnvrt$1602                               cstackBANK5  00059A
_vfprintf                                     text5        0054BE
_width                                        bssBANK5     0005CE
atoi@n                                        cstackCOMRAM 000515
atoi@neg                                      cstackCOMRAM 00050E
atoi@s                                        cstackCOMRAM 000508
efgtoa@c                                      cstackCOMRAM 000546
efgtoa@d                                      cstackBANK5  000578
efgtoa@e                                      cstackBANK5  000590
efgtoa@f                                      cstackCOMRAM 000542
efgtoa@fp                                     cstackCOMRAM 000540
efgtoa@g                                      cstackBANK5  00058C
efgtoa@h                                      cstackBANK5  000582
efgtoa@i                                      cstackBANK5  00058A
efgtoa@l                                      cstackBANK5  000586
efgtoa@m                                      cstackBANK5  000572
efgtoa@mode                                   cstackBANK5  000581
efgtoa@n                                      cstackBANK5  000592
efgtoa@ne                                     cstackBANK5  000570
efgtoa@nmode                                  cstackBANK5  000580
efgtoa@ou                                     cstackBANK5  000574
efgtoa@p                                      cstackBANK5  00057C
efgtoa@pp                                     cstackBANK5  00056E
efgtoa@sign                                   cstackBANK5  00057A
efgtoa@t                                      cstackBANK5  00056C
efgtoa@u                                      cstackBANK5  000594
efgtoa@w                                      cstackBANK5  00057E
end_of_initialization                         cinit        0059B4
floorf@F527                                   bssBANK5     0005C4
floorf@e                                      cstackCOMRAM 000528
floorf@m                                      cstackCOMRAM 000524
floorf@u                                      cstackCOMRAM 00052A
floorf@x                                      cstackCOMRAM 00051A
fputc@c                                       cstackCOMRAM 000503
fputc@fp                                      cstackCOMRAM 000505
fputs@c                                       cstackCOMRAM 000510
fputs@fp                                      cstackCOMRAM 00050E
fputs@i                                       cstackCOMRAM 000511
fputs@s                                       cstackCOMRAM 00050C
intlevel0                                     text         000000
intlevel1                                     text         000000
intlevel2                                     text         000000
intlevel3                                     text         000000
isa$std                                       (abs)        000001
isa$xinst                                     (abs)        000000
isdigit@c                                     cstackCOMRAM 000501
isspace@c                                     cstackCOMRAM 000501
isupper@c                                     cstackCOMRAM 000501
main@moist_level                              cstackBANK5  0005AE
main@value                                    cstackBANK5  0005AC
pad@buf                                       cstackCOMRAM 000515
pad@fp                                        cstackCOMRAM 000513
pad@i                                         cstackCOMRAM 00051A
pad@p                                         cstackCOMRAM 000517
pad@w                                         cstackCOMRAM 00051C
printf@ap                                     cstackCOMRAM 00055E
printf@fmt                                    cstackBANK5  0005A4
putch@txData                                  cstackCOMRAM 000502
send_AT@t                                     cstackCOMRAM 000502
stackhi                                       (abs)        0025FF
stacklo                                       (abs)        000650
start                                         init         01FFFC
start_initialization                          cinit        00599C
strcpy@d                                      cstackCOMRAM 000509
strcpy@dest                                   cstackCOMRAM 000501
strcpy@s                                      cstackCOMRAM 000507
strcpy@src                                    cstackCOMRAM 000503
strlen@a                                      cstackCOMRAM 000503
strlen@s                                      cstackCOMRAM 000501
strncmp@_l                                    cstackCOMRAM 000501
strncmp@_r                                    cstackCOMRAM 000503
strncmp@l                                     cstackCOMRAM 000508
strncmp@n                                     cstackCOMRAM 000505
strncmp@r                                     cstackCOMRAM 00050A
tolower@c                                     cstackCOMRAM 000507
vfpfcnvrt@ap                                  cstackCOMRAM 000550
vfpfcnvrt@c                                   cstackBANK5  0005A3
vfpfcnvrt@ct                                  cstackBANK5  0005A0
vfpfcnvrt@f                                   cstackBANK5  00059C
vfpfcnvrt@fmt                                 cstackCOMRAM 00054E
vfpfcnvrt@fp                                  cstackCOMRAM 00054C
vfprintf@ap                                   cstackCOMRAM 00055A
vfprintf@cfmt                                 cstackCOMRAM 00055C
vfprintf@fmt                                  cstackCOMRAM 000558
vfprintf@fp                                   cstackCOMRAM 000556


MODULE INFORMATION

Module		Function		Class		Link	Load	Size
C:\Program Files\Microchip\xc8\v2.32\pic\sources\c99\common\awdiv.c
		___awdiv       		CODE           	50DC	0000	196

C:\Program Files\Microchip\xc8\v2.32\pic\sources\c99\common\awdiv.c estimated size: 196

C:\Program Files\Microchip\xc8\v2.32\pic\sources\c99\common\isdigit.c
		_isdigit       		CODE           	5894	0000	56

C:\Program Files\Microchip\xc8\v2.32\pic\sources\c99\common\isdigit.c estimated size: 56

C:\Program Files\Microchip\xc8\v2.32\pic\sources\c99\common\sprcadd.c
		___flsub       		CODE           	5760	0000	70
		___fladd       		CODE           	3876	0000	1216

C:\Program Files\Microchip\xc8\v2.32\pic\sources\c99\common\sprcadd.c estimated size: 1286

C:\Program Files\Microchip\xc8\v2.32\pic\sources\c99\common\doprnt.c
		_vfpfcnvrt     		CODE           	32F0	0000	1414
		_efgtoa        		CODE           	2646	0000	3242
		_pad           		CODE           	5016	0000	198
		_vfprintf      		CODE           	54BE	0000	106

C:\Program Files\Microchip\xc8\v2.32\pic\sources\c99\common\doprnt.c estimated size: 4960

C:\Program Files\Microchip\xc8\v2.32\pic\sources\c99\common\flneg.c
		___flneg       		CODE           	585C	0000	56

C:\Program Files\Microchip\xc8\v2.32\pic\sources\c99\common\flneg.c estimated size: 56

mcc_generated_files/pin_manager.c
		_PIN_MANAGER_Initialize		CODE           	51A0	0000	184

mcc_generated_files/pin_manager.c estimated size: 184

C:\Program Files\Microchip\xc8\v2.32\pic\sources\c99\common\atoi.c
		_atoi          		CODE           	4730	0000	440

C:\Program Files\Microchip\xc8\v2.32\pic\sources\c99\common\atoi.c estimated size: 440

C:\Program Files\Microchip\xc8\v2.32\pic\sources\c99\common\nf_fputs.c
		_fputs         		CODE           	57A6	0000	68

C:\Program Files\Microchip\xc8\v2.32\pic\sources\c99\common\nf_fputs.c estimated size: 68

C:\Program Files\Microchip\xc8\v2.32\pic\sources\c99\common\fleq.c
		___fleq        		CODE           	5308	0000	170

C:\Program Files\Microchip\xc8\v2.32\pic\sources\c99\common\fleq.c estimated size: 170

C:\Program Files\Microchip\xc8\v2.32\pic\sources\c99\common\__fpclassifyf.c
		___fpclassifyf 		CODE           	4E1E	0000	254

C:\Program Files\Microchip\xc8\v2.32\pic\sources\c99\common\__fpclassifyf.c estimated size: 254

mcc_generated_files/uart5.c
		_UART5_SetOverrunErrorHandler		CODE           	5A20	0000	14
		_putch         		CODE           	5A74	0000	10
		_UART5_Initialize		CODE           	5528	0000	106
		_UART5_SetErrorHandler		CODE           	5A3C	0000	14
		_UART5_Write   		CODE           	5A08	0000	24
		_UART5_SetFramingErrorHandler		CODE           	5A2E	0000	14

mcc_generated_files/uart5.c estimated size: 182

C:\Program Files\Microchip\xc8\v2.32\pic\sources\c99\common\isupper.c
		_isupper       		CODE           	5824	0000	56

C:\Program Files\Microchip\xc8\v2.32\pic\sources\c99\common\isupper.c estimated size: 56

C:\Program Files\Microchip\xc8\v2.32\pic\sources\c99\common\Umul16.c
		___wmul        		CODE           	5928	0000	42

C:\Program Files\Microchip\xc8\v2.32\pic\sources\c99\common\Umul16.c estimated size: 42

C:\Program Files\Microchip\xc8\v2.32\pic\sources\c99\common\isspace.c
		_isspace       		CODE           	570E	0000	82

C:\Program Files\Microchip\xc8\v2.32\pic\sources\c99\common\isspace.c estimated size: 82

mcc_generated_files/uart1.c
		_UART1_Write   		CODE           	59F0	0000	24
		_UART1_SetFramingErrorHandler		CODE           	5A58	0000	14
		_UART1_SetOverrunErrorHandler		CODE           	5A4A	0000	14
		_UART1_Initialize		CODE           	5448	0000	118
		_UART1_SetErrorHandler		CODE           	5A66	0000	14
		_UART1_is_tx_ready		CODE           	58FE	0000	42

mcc_generated_files/uart1.c estimated size: 226

C:\Program Files\Microchip\xc8\v2.32\pic\sources\c99\common\strncmp.c
		_strncmp       		CODE           	4F1C	0000	250

C:\Program Files\Microchip\xc8\v2.32\pic\sources\c99\common\strncmp.c estimated size: 250

C:\Program Files\Microchip\xc8\v2.32\pic\sources\c99\common\tolower.c
		_tolower       		CODE           	55F8	0000	96

C:\Program Files\Microchip\xc8\v2.32\pic\sources\c99\common\tolower.c estimated size: 96

shared
		__initialization		CODE           	599C	0000	24

shared estimated size: 24

C:\Program Files\Microchip\xc8\v2.32\pic\sources\c99\common\sprcmul.c
		___flmul       		CODE           	3D36	0000	1102

C:\Program Files\Microchip\xc8\v2.32\pic\sources\c99\common\sprcmul.c estimated size: 1102

C:\Program Files\Microchip\xc8\v2.32\pic\sources\c99\common\awmod.c
		___awmod       		CODE           	5258	0000	176

C:\Program Files\Microchip\xc8\v2.32\pic\sources\c99\common\awmod.c estimated size: 176

mcc_generated_files/mcc.c
		_PMD_Initialize		CODE           	5978	0000	36
		_OSCILLATOR_Initialize		CODE           	59BA	0000	28
		_SYSTEM_Initialize		CODE           	59D6	0000	26

mcc_generated_files/mcc.c estimated size: 90

C:\Program Files\Microchip\xc8\v2.32\pic\sources\c99\common\sprcdiv.c
		___fldiv       		CODE           	4184	0000	922

C:\Program Files\Microchip\xc8\v2.32\pic\sources\c99\common\sprcdiv.c estimated size: 922

C:\Program Files\Microchip\xc8\v2.32\pic\sources\c99\common\fltol.c
		___fltol       		CODE           	4C14	0000	262

C:\Program Files\Microchip\xc8\v2.32\pic\sources\c99\common\fltol.c estimated size: 262

C:\Program Files\Microchip\xc8\v2.32\pic\sources\c99\common\xxtofl.c
		___xxtofl      		CODE           	48E8	0000	436

C:\Program Files\Microchip\xc8\v2.32\pic\sources\c99\common\xxtofl.c estimated size: 436

C:\Program Files\Microchip\xc8\v2.32\pic\sources\c99\common\printf.c
		_printf        		CODE           	5952	0000	38

C:\Program Files\Microchip\xc8\v2.32\pic\sources\c99\common\printf.c estimated size: 38

C:\Program Files\Microchip\xc8\v2.32\pic\sources\c99\common\nf_fputc.c
		_fputc         		CODE           	53B2	0000	150

C:\Program Files\Microchip\xc8\v2.32\pic\sources\c99\common\nf_fputc.c estimated size: 150

mcc_generated_files/adcc.c
		_ADCC_GetSingleConversion		CODE           	58CC	0000	50
		_ADCC_Initialize		CODE           	5658	0000	92

mcc_generated_files/adcc.c estimated size: 142

main.c
		_send_AT       		CODE           	56B4	0000	90
		_main          		CODE           	4A9C	0000	376

main.c estimated size: 466

C:\Program Files\Microchip\xc8\v2.32\pic\sources\c99\common\strlen.c
		_strlen        		CODE           	57EA	0000	58

C:\Program Files\Microchip\xc8\v2.32\pic\sources\c99\common\strlen.c estimated size: 58

C:\Program Files\Microchip\xc8\v2.32\pic\sources\c99\common\flge.c
		___flge        		CODE           	4D1A	0000	260

C:\Program Files\Microchip\xc8\v2.32\pic\sources\c99\common\flge.c estimated size: 260

C:\Program Files\Microchip\xc8\v2.32\pic\sources\c99\common\floorf.c
		_floorf        		CODE           	451E	0000	530

C:\Program Files\Microchip\xc8\v2.32\pic\sources\c99\common\floorf.c estimated size: 530

C:\Program Files\Microchip\xc8\v2.32\pic\sources\c99\common\strcpy.c
		_strcpy        		CODE           	5592	0000	102

C:\Program Files\Microchip\xc8\v2.32\pic\sources\c99\common\strcpy.c estimated size: 102

